be wary of
common side effects
may point towards
rarely causing
never causing
rarely causes
minimise the development of
warned of
warned her of
warned him of
never causes
no
nil
none
no evidence of
no indication of
no suggestion of
no sign of
no signs of
no obvious signs of
no obvious sign of
no episodes of
no episodes of
case reports
no history of
denied any history of
not
not present
not seen
not found
in case of
possibility of
no obvious
any signs
investigated for
used for
as if
may be indicative of
may cause
may have been
may result in
may lead to
could be
may also be
may result in
in the event of developing
potentially
possibly
possibility of
potential side effects
potential for
possible
advice given
advise given
rather than being
rather than
without evidence of
may well be
suspected
suspicion of
less likely to cause
likely he will develop
likely she will develop
wondered about the presence of
wondered if he was experiencing
wondered if she was experiencing
wondered if she is
wondered if he is
differential diagnosis
wonder whether it was due to
remove the likelihood of
Barnes
risk of
risks of
risks including
akin to
some sort of
might
might be
might include
denies
denied
query
queried
if has
i.e
if any
will give
couldn't find any
didn't feel like
whether he has
whether she has
consider
diagnostic uncertainty
other medicines
not obviously
less inclined to think
may be
may be from
maybe from
any sort of
didn't have
may have
may suggest
hereditary
may point to
heredity
precaution
self reported
self-reportedi
self diagnosed
self-diagnosed
question of
out rule
exclude
excluded
rule out
ruled out
rules out
exclude
excluded
sound like
sounds like
whether she is truly
whether he is truly
whether he had
whether she had
whether he has
whether she has
concerns about
concerned about
little interest in the incidence of
estimates of
rate of developing
could develop
could be due to
could lead to
died
if develops
if he develops
if she develops
if he suffers
if she suffers
if suffers
if suffering from
whether
people who had
prophylactic treatment
prophylaxis of
prevention of
prevent any
prevent
interest in
didn't notice any
almost
could represent
percentage of
understand the side effects
unlikely
lesser potential for causing
potential long term side effects
may experience
patients in whom
can be
can induce
can cause
poss
case reports
case report
concerned will develop
concerned she was developing
concerned he was developing
concerned that she was developing
concerned that he was developing
is a risk
risk from
than
than a
explained
than the
to avoid
might develop
asked me about
doesn't have
fear of
fearful of
worried that she may
worried that he may
worried she may
worried he may
worried about
worried would turn into
worried could turn into
worries about having
unsure if
is associated with
