5-Methoxypsoralen
Abacavir
Abatacept
Abciximab
Acacia
Acamprosate
Acebutolol
Aceclofenac
Acemetacin
Acenocoumarol
Acetarsol
Acetazolamide
Acetic acid
Acetone
Acetozolamide
Acetylated wool alcohols
Acetylcholine
Acetylcysteine
Acetyl-L-carnitine
Aciclovir
Acipimox
Acitretin
Acrivastine
Activated charcoal
Adalimumab
Adapalene
Adcal
Adcal D3 T
Adefovir
Ademetionine
Adenosine
Adrenaline
Agalsidase alfa
Agalsidase beta
Air gas
Albendazole
Albumin human
Alclometasone
Aldesleukin
Aldioxa
Alemtuzumab
Alendronic acid
Alexitol
Alfacalcidol
Alfentanil
Alfuzosin
Alglucosidase alfa
Alimemazine
Aliskiren
Alitretinoin
Allantoin
Allopurinol
Almond oil
Almotriptan
Aloes
Aloin
Alpha tocopherol
Alprostadil
Alteplase
Alum
Aluminium acetate
Aluminium chloride
Aluminium hydroxide
Aluminium oxide
Aluminium sulphate
Alverine
Amaranth
Ambrisentan
Amfetamine
Amifampridine
Amifostine
Amikacin
Amiloride
Aminoacridine
Aminoglutethimide
Aminophylline
Aminosalicylic acid
Amiodarone
Amlodipine
Ammonia
Ammonium acetate
Ammonium bicarbonate
Ammonium bromide
Ammonium chloride
Ammonium sulphate
Amobarbital
Amorolfine
Amoxicillin
Amphotericin B
Amphotericin B (lipid formulation)
Ampicillin
Amprenavir
Amsacrine
Amyl nitrite
Amylmetacresol
Anagrelide
Anakinra
Anastrozole
Androstanolone
Anidulafungin
Anise oil
Antazoline
Anthrax vaccine
Anti-D immunoglobulin
Antimony
Antithrombin alfa
Antithymocyte immunoglobulin (equine)
Antithymocyte immunoglobulin (rabbit)
Apomorphine
Apple mistletoe
Apraclonidine
Aprepitant
Aprotinin
Arachis oil
Arginine
Argipressin
Arsenic
Artemether
Ascorbic acid
Asenapine
Ash mistletoe
Aspirin
Atazanavir
Atenolol
Atorvastatin
Atosiban
Atovaquone
Atracurium
Atropine
Atrovastatin
Auranofin
Aviptadil
Azacitidine
Azapropazone
Azatadine
Azathioprine
Azelaic acid
Azelastine
Azithromycin
Aztreonam
B vaccine
Bacillus Calmette-Guerin
Bacitracin
Baclofen
Balsalazide
Bambuterol
Barium
Basiliximab
Becaplermin
Beclometasone
Bee venom
Beeswax
Belatacept
Belladonna
Belladonna alkaloids
Bemiparin
Bendamustine
Bendroflumethiazide
Benorilate
Benthiazide
Benzalkonium
Benzathine benzylpenicillin
Benzatropine
Benzbromarone
Benzocaine
Benzoic acid
Benzoyl peroxide
Benzydamine
Benzyl alcohol
Benzyl benzoate
Benzylpenicillin
Beractant
Betacarotene
Betahistine
Betaine
Betamethasone
Betaxolol
Bethanechol
Bevacizumab
Bexarotene
Bezafibrate
Bicalutamide
Bifidobacterium
Bifonazole
Bilastine
Bimatoprost
Biotin
Biperiden
Bisacodyl
Bismuth
Bismuth subcarbonate
Bismuth subgallate
Bismuth subnitrate
Bismuth subsalicylate
Bisoprolol
Bivalirudin
Black currant
Black widow spider venom antiserum
Bleomycin
Boceprevir
Borax
Boric acid
Boron
Bortezomib
Bosentan
Botulinum A toxin
Botulinum antitoxin
Botulinum B toxin
Botulism antitoxin
Bretylium
Brilliant green
Brimonidine
Brinzolamide
Bromazepam
Bromfenac
Bromocriptine
Brompheniramine
Budesonide
Bumetanide
Bupivacaine
Buprenorphine
Buserelin
Busulfan
Butobarbital
C
C vaccine
C1-esterase inhibitor
Cade oil
Cadexomer-iodine
Caffeine
Calamine
Calcichew D3
Calcipotriol
Calcitonin
Calcitriol
Calcium
Calcium acetate
Calcium ascorbate
Calcium chloride
Calcium chloride dihydrate
Calcium citrate
Calcium folinate
Calcium glubionate
Calcium gluconate
Calcium glycinate
Calcium lactate
Calcium lactate gluconate
Calcium lactobionate
Calcium pantothenate
Calcium phosphate
Calcium polystyrene sulphonate
Calcium sulphate
Camphor
Camphorated opium
Canakinumab
Candesartan
Cannabidiol
Capecitabine
Capreomycin
Capsaicin
Capsicum
Captopril
Carbachol
Carbaryl
Carbenoxolone
Carbetocin
Carbidopa
Carbimazole
Carbocisteine
Carbomer 974P
Carbomer 980
Carbon dioxide
Carbon dioxide gas
Carboplatin
Carboprost
Cardamom
Carglumic acid
Carisoprodol
Carmellose
Carmustine
Carnitine
Carob seed
Carteolol
Carvedilol
Cascara
Casein
Caspofungin
Castor oil
Cefaclor
Cefadroxil
Cefalexin
Cefamandole
Cefazolin
Cefixime
Cefotaxime
Cefoxitin
Cefpirome
Cefpodoxime
Cefprozil
Cefradine
Ceftazidime
Ceftriaxone
Cefuroxime
Celecoxib
Celiprolol
Cellulose
Cerium nitrate
Cerivastatin
Certolizumab pegol
Certoparin
Cetalkonium
Cetirizine
Cetomacrogol 1000
Cetrimide
Cetrorelix
Cetuximab
Cetylpyridinium
Chalk
Chamomile
Characterised autologous human cartilage cells
Chlorambucil
Chloramphenicol
Chlorhexidine
Chlormethine
Chlorobutanol
Chlorocresol
Chloroform
Chloroquine
Chloroquine phosphate
Chloroquine sulphate
Chlorothiazide
Chloroxylenol
Chlorphenamine
Chlorpropamide
Chlorquinaldol
Chlortalidone
Chlortetracycline
Cholera vaccine
Cholesterol
Choline salicylate
Chondroitin
Choriogonadotropin alfa
Chorionic gonadotrophin
Chromium
Ciclesonide
Ciclosporin
Cidofovir
Cilastatin
Cilazapril
Cilostazol
Cimetidine
Cinacalcet
Cinchocaine
Cinnarizine
Ciprofibrate
Ciprofloxacin
Cisapride
Cisatracurium
Cisplatin
Citric acid
Citronella oil
Citrulline
Cladribine
Clarithromycin
Clavulanic acid
Clemastine
Clidinium
Clindamycin
Clioquinol
Clobazam
Clobetasol
Clobetasone
Clodronic acid
Clofarabine
Clofazimine
Clomifene
Clonidine
Clopamide
Clopidogrel
Cloral betaine
Clotrimazole
Clove oil
Clozarile
Coal tar
Co-amilofruse
Co-amilozide
Co-amoxiclav
Co-beneldopa
Cocaine
Co-careldopa
co-codamol
Co-codaprin
Coconut oil
Co-cyprindiol
Cod liver oil
Co-danthramer
Co-danthrusate
Codeine
Co-dergocrine mesilate
Co-dydramol
Co-fluampicil
Co-flumactone
Colchicine
Colecalciferol
Colesevelam
Colestipol
Colestyramine
Colfosceril palmitate
Colistimethate
Colistin
Collagenase clostridium histolyticum
Collodion
Colophony
Co-magaldrox
Co-methiamol
Concerta XL5-Methoxypsoralen
Conestat alfa
Conjugated oestrogens
Connaught strain Bacillus of Calmette-Guerin
Co-phenotrope
Copper
Copper carbonate
Copper sulphate
Co-prenozide
Co-proxamol
Corifollitropin alfa
Corticotropin
Cortisone
Co-simalcite
Co-tenidone
Co-triamterzide
Co-trimoxazole
Coumarin
Co-zidocapt
Cranberry
Crisantaspase
Crotamiton
Cryoprecipitate
Crystal violet
Cyanocobalamin
Cyclizine
Cyclomethicone
Cyclopenthiazide
Cyclopenthiazide - invalid
Cyclopentolate
Cyclophosphamide
Cycloserine
Cyproheptadine
Cyproterone
Cystine
Cytarabine
Cytarabine (liposomal)
Cytomegalovirus immunoglobulin
Dabigatran etexilate
Dacarbazine
Daclizumab
Dactinomycin
Dalfopristin
Dalteparin
Danaparoid
Danazol
Dantrolene
Dapoxetine
Dapsone
Daptomycin
Darbepoetin alfa
Darifenacin
Darunavir
Dasatinib
Daunorubicin
Daunorubicin (liposomal)
Debrisoquine
Deferasirox
Deferiprone
Defibrotide
Deflazacort
Degarelix
Demeclocycline
Denosumab
Dequalinium
Desferrioxamine
Desflurane
Desloratadine
Desmopressin
Desogestrel
Desoximetasone
Dexamethasone
Dexamfetamine
Dexbrompheniramine
Dexibuprofen
Dexketoprofen
Dexmethylphenidate
Dexpanthenol
Dexrazoxane
Dextran
Dextran 40
Dextran 70
Dextranomer
Dextromethorphan
Dextromoramide
Dextropropoxyphene
Diamorphine
Diazoxide
Dibotermin alfa
Dibrompropamidine
Dichlorobenzyl alcohol
Dichlorodifluoromethane
Dichlorophen
Diclofenac potassium
Diclofenac sodium
Dicobalt edetate
Dicycloverine
Didanosine
Didecyldimethylammonium chloride
Dienogest
Diethyl phthalate
Diethylamine salicylate
Diethylstilbestrol
Diflucortolone
Diflunisal
Digitoxin
Digoxin
Digoxin specific antibody
Dihydrocodeine
Dihydrotachysterol
Dill oil
Diloxanide
Diltiazem
Dimenhydrinate
Dimercaprol
Dimethyl sulfone
Dimethyl sulfoxide
Dimeticone
Dinoprostone
Diphencyprone
Diphenhydramine
Diphtheria
Diphtheria antitoxin
Dipipanone
Dipivefrine
Dipotassium clorazepate
Dipyridamole
Disodium etidronate
Disodium pamidronate
Disopyramide
Distigmine
Disulfiram
Dithranol
Dobutamine
Docetaxel
Docosahexaenoic acid
Docusate
Docusate sodium
Dolasetron
Domiphen
Domperidone
Dopamine
Dopexamine
Doripenem
Dornase alfa
Dorzolamide
Doxapram
Doxazosin
Doxorubicin
Doxorubicin (liposomal)
Doxycycline
Dried yeast
Dronabinol
Dronedarone
Drospirenone
Drotrecogin alfa
Dutasteride
Dydrogesterone
Echinacea
Econazole
Eculizumab
Edetic acid
Edrophonium
Efalizumab
Efavirenz
Eflornithine
Eicosapentaenoic acid
Eletriptan
Eltrombopag
Emedastine
Emtricitabine
Emulsifying ointment
Emulsifying Wax
Enalapril
Enflurane
Enfuvirtide
Enoxaparin
Enoximone
Entacapone
Entecavir
Eosin
Ephedrine
Epinastine
Epirubicin
Eplerenone
Epoetin alfa
Epoetin beta
Epoetin delta
Epoetin theta
Epoetin zeta
Epoprostenol
Eprosartan
Eptacog alfa (activated)
Eptifibatide
Erdosteine
Ergocalciferol
Ergometrine
Ergotamine
Eribulin
Erlotinib
Ertapenem
Erythromycin
Erythromycin ethyl succinate
Erythromycin lactobionate
Erythromycin stearate
Eslicarbazepine
Esmolol
Esomeprazole
Estradiol
Estramustine
Estriol
Estropipate
Etamsylate
Etanercept
Ethambutol
Ethanol
Ethanolamine oleate
Ether
Ethinylestradiol
Ethionamide
Ethosuximide
Ethyl chloride
Ethylmorphine
Etidronic acid
Etodolac
Etomidate
Etonogestrel
Etoposide
Etoricoxib
Etravirine
Etynodiol
Eucalyptus
Eucalyptus oil
European viper snake venom antiserum
Evening primrose oil
Everolimus
Exemestane
Ezetimibe
Factor VIII
Factor VIII Inhibitor Bypassing Fraction
Factor XI
Factor XIII
Famciclovir
Famotidine
Fampridine
Febuxostat
Felbamate
Felbinac
Felodipine
Felypressin
Fenbufen
Fenofibrate
Fenofibrate micronised
Fenoprofen
Fenoterol
Fentanyl
Fenticonazole
Ferric ammonium citrate
Ferric carboxymaltose
Ferric chloride
Ferric subsulphate
Ferrous citrate
Ferrous fumarate
Ferrous gluconate
Ferrous glycine sulphate
Ferrous Sulphate
Ferucarbotran
Fesoterodine
Fexofenadine
Fibrinogen
Fig
Filgrastim
Finasteride
Fingolimod
Fish oil
Flavoxate
Flecainide
Flucloxacillin
Fluconazole
Flucytosine
Fludarabine
Fludrocortisone
Fludroxycortide
Fluexotine
Flumazenil
Flumetasone
Flunarizine
Flunisolide
Flunitrazepam
Fluocinolone
Fluocinonide
Fluocortolone
Fluocortolone hexanoate
Fluocortolone pivalate
Fluorescein
Fluorometholone
Fluorouracil
Flupentixol
Flupentixol decanoate
Flupentixol dihydrochloride
Fluphenazine decanoate
Fluphenazine hydrochloride
Fluprednidene
Flurbiprofen
Flutamide
Fluticasone
Flutrimazole
Fluvastatin
Folic acid
Folinic acid
Follitropin alfa
Follitropin beta
Fomepizole
Fondaparinux
Formaldehyde
Formoterol
Fosamprenavir
Fosaprepitant
Foscarnet
Fosfestrol
Fosfomycin
Fosinopril
Fosphenytoin
Framycetin
Frangula
Frangula bark
Fresh frozen plasma
Frovatriptan
Fructose
Fulvestrant
Fumaric acid
Funnel web spider venom antiserum
Furosemide
Fusafungine
Fusidic acid
Gadobutrol
Gadodiamide
Gadofosveset trisodium
Gadoteridol
Gadoxetic acid
Galactose
Gallamine
Galsulfase
Gamolenic acid
Ganciclovir
Ganirelix
Garlic
Gefitinib
Gelatin
Gemcitabine
Gemeprost
Gemfibrozil
Gentamicin
Gentian
Gestodene
Gestonorone
Gestrinone
Ginger
Ginkgo biloba
Glatiramer
Gliquidone
Glucagon
Glucosamine hydrochloride
Glucosamine sulphate
Glucose
Glutamine
Glutaraldehyde
Glutathione
Glycerol
Glyceryl trinitrate
Glycine
Glycopyrronium
Golimumab
Gonadorelin
Goserelin
Gramicidin
Granisetron
Grass pollen
Griseofulvin
Guaiacol
Guaifenesin
Guanethidine
Guanfacine
Guar gum
Haem arginate
Haemophilus influenzae type b
Haemophilus influenzae type B vaccine
Halcinonide
Halibut liver oil
Halogenated phenols
Haloperidol decanoate
Halothane
Halquinol
Hamamelis
Hard paraffin
Helium
Helium gas
Hemin
Heparin
Heparinoid
Hepatitis A
Hepatitis A vaccine
Hepatitis B immunoglobulin
Hepatitis B vaccine
Hetastarch
Hexachlorophene
Hexaminolevulinate
Hexastarch
Hexetidine
Hexylresorcinol
High Purity Factor IX
High Purity Factor VIII
Histamine
Histrelin
Homatropine
Homeopathic aconite
Homeopathic aconitum napellus
Homeopathic actaea racemosa
Homeopathic agaricus muscarius
Homeopathic allium cepa
Homeopathic apatite
Homeopathic apis mellifica
Homeopathic argentum nitricum
Homeopathic arnica montana
Homeopathic arsenicum album
Homeopathic belladonna
Homeopathic bellis perennis
Homeopathic bryonia alba
Homeopathic bryonia dioica
Homeopathic calcarea carbonica
Homeopathic calcarea fluorica
Homeopathic calcarea phosphorica
Homeopathic calcarea sulphurica
Homeopathic calendula officinalis
Homeopathic candida albicans
Homeopathic cantharis vesicatoria
Homeopathic carbo vegetabilis
Homeopathic chamomilla
Homeopathic cina
Homeopathic cinnabar
Homeopathic cocculus indicus
Homeopathic coffea arabica
Homeopathic coffea cruda
Homeopathic colocynthis
Homeopathic cucurbita
Homeopathic cuprum metallicum
Homeopathic drosera rotundifolia
Homeopathic dulcamara
Homeopathic euphrasia officinales
Homeopathic ferrum phosphoricum
Homeopathic ferrum sidereum
Homeopathic feverfew
Homeopathic gelsemium sempervirens
Homeopathic graphites
Homeopathic hamamelis
Homeopathic hepar sulphuris
Homeopathic hypericum officianalis
Homeopathic hypericum perforatum
Homeopathic ignatia amara
Homeopathic ipecacuanha
Homeopathic kalium bichromicum
Homeopathic kalium muriaticum
Homeopathic kalium phosphoricum
Homeopathic kalium sulphuricum
Homeopathic lachesis muta
Homeopathic ledum palustre
Homeopathic lycopodium clavatum
Homeopathic lysimachia nummularia
Homeopathic magnesia phosphorica
Homeopathic mercurius solubilis
Homeopathic mercurius vivus
Homeopathic mixed pollen
Homeopathic natrum muriaticum
Homeopathic natrum phosphoricum
Homeopathic natrum sulphuricum
Homeopathic nux vomica
Homeopathic oopherinum
Homeopathic passiflora incarnata
Homeopathic phosphorus
Homeopathic phytolacca decandra
Homeopathic plumbum mellitum
Homeopathic pulsatilla nigricans
Homeopathic pulsatilla pratensis
Homeopathic pyrites
Homeopathic rhus toxicodendron
Homeopathic ruta graveolens
Homeopathic sepia officinalis
Homeopathic silica
Homeopathic sulphur
Homeopathic symphytum officinale
Homeopathic tamus communis
Homeopathic tea tree oil
Homeopathic thuja occidentalis
Homeopathic urtica urens
Honey
Hops
Human papillomavirus vaccine
Hyaluronidase
Hydralazine
Hydrochloric acid
Hydrochlorothiazide
Hydrocortisone
Hydrocortisone butyrate
Hydrogen peroxide
Hydrolysed whey protein
Hydromorphone
Hydroquinone
Hydrotalcite
Hydrous wool fat
Hydroxocobalamin
Hydroxyapatite
Hydroxycarbamide
Hydroxychloroquine
Hydroxyethyl salicylate
Hydroxyprogesterone
Hydroxypropyl guar
Hydroxyzine
Hyetellose
Hylan
Hyoscine (base)
Hyoscine butylbromide
Hyoscine Hydrobromide
Hypochlorite
Hyprolose
Hypromellose
Ibandronic acid
Ibuprofen
Icatibant
Ichthammol
Idarubicin
Idebenone
Idoxuridine
Idursulfase
Ifosfamide
Iloprost
Imatinib
Imidapril
Imiglucerase
Imipenem
Imiquimod
Indacaterol
Indapamide
Indigo carmine
Indinavir
Indometacin
Indoramin
Industrial methylated spirit
Infliximab
Influenza H1N1 vaccine
Influenza vaccine
Inosine acedoben dimepranol
Inositol nicotinate
Insulin aspart biphasic
Insulin detemir
Insulin glargine
Insulin human
Insulin isophane biphasic human
Insulin isophane biphasic porcine
Insulin isophane bovine
Insulin isophane human
Insulin isophane porcine
Insulin lispro biphasic
Insulin mixed bovine
Insulin protamine zinc bovine
Insulin soluble bovine
Insulin soluble human
Insulin soluble porcine
Insulin zinc crystalline human
Insuline
Interferon alfa
Interferon alfa-2a
Interferon alfa-2b
Interferon beta
Interferon beta 1b
Interferon beta-1a
Interferon gamma
Invalid - Co-codaprin
Invalid - Hytellose
Iodine
Iodixanol
Iodoform
Iohexol
Iomeprol
Iopamidol
Iopromide
Iotrolan
Ioversol
Ipecacuanha
Ipilimumab
Ipratropium
Irbesartan
Irinotecan
Iron dextran
Iron isomaltoside 1000
Iron sorbitol
Iron sucrose
ISMN MR
Isoflurane
Isoleucine
Isometheptene
Isoniazid
Isoprenaline
Isopropyl alcohol
Isopropyl myristate
Isosorbide dinitrate
Isosorbide mononitrate
Isotretinoin
Ispaghula
Ispaghula husk
Isradipine
Itraconazole
Ivabradine
Ivermectin
Japanese encephalitis vaccine
Kaolin
Kaolin light
Ketamine
Ketanserin
Ketoconazole
Ketoprofen
Ketorolac
Ketotifen
Labetalol
Lacidipine
Lacosamide
Lactic acid
Lactobacillus
Lactoperoxidase
Lactose
Lactulose
L-alanyl-l-glutamine
Lamivudine
Lanolin
Lanolin anhydrous
Lanreotide
Lansoprazole
Lanthanum carbonate
Lapatinib
Laronidase
Laropiprant
Latanoprost
Laurilsulfate
Lauromacrogol 400
Lauromacrogols
Lavender oil
Lecithin
Leflunomide
Lemon balm
Lenalidomide
Lenograstim
Lepirudin
Lercanidipine
Letrozole
Leucine
Leuprorelin
Levamisole
Levetiracetam
Levobunolol
Levobupivacaine
Levocabastine
Levocarnitine
Levocetirizine
Levodopa
Levofloxacin
Levofolinic acid
Levomenthol
Levonorgestrel
Levothyroxine
Lidocaine
Linezolid
Linseed oil
Liothyronine
Lipoic acid
Liquid paraffin
Liquorice
Lisdexamfetamine
Lisinopril
Lisuride
Lithium Carbonate
Lithium citrate
Lithium succinate
Lodoxamide
Lofexidine
Lomustine
Loperamide
Lopinavir
Loratadine
Lornoxicam
Losartan
Loteprednol
Lumefantrine
Lumiracoxib
Lutropin alfa
Lymecycline
Lysine
Macrogol 3350
Macrogol 4000
Mafenide
Magnesium
Magnesium alginate
Magnesium aspartate
Magnesium carbonate
Magnesium chloride
Magnesium citrate
Magnesium glycerophosphate
Magnesium glycinate
Magnesium hydroxide
Magnesium malate
Magnesium orotate
Magnesium oxide
Magnesium sulphate
Magnesium trisilicate
Maize starch
Malathion
Malic acid
Maltodextrin
Mandelic acid
Mangafodipir
Mannitol
Maraviroc
Maxepa
Mazindol
Measles
Measles vaccine
Mebendazole
Mebeverine
Mecasermin
Mecillinam
Meclozine
Mecobalamin
Mecysteine
Medium chain triglycerides - invalid
Medium-chain triglycerides
Medroxyprogesterone
Mefenamic acid
Mefloquine
Megestrol
Meglumine amidotrizoate
Meglumine gadobenate
Meglumine gadopentetate
Meglumine iotalamate
Meglumine iotroxate
Melatonin
Meloxicam
Melphalan
Menadiol
Meningococcal group C vaccine
Meningococcal groups A
Menotrophin
Menthol
Mepacrine
Mepenzolate bromide
Mepivacaine
Meprobamate
Meptazinol
Mepyramine
Mercaptamine
Mercaptopurine
Mercuric sulphate
Meropenem
Mesalazine
Mesna
Mesterolone
Mestranol
Mesuximide
Metaraminol
Methadone
Methenamine
Methionine
Methocarbamol
Methotrexate
Methoxamine
Methoxsalen
Methoxy polyethylene glycol-epoetin beta
Methyl aminolevulinate
Methyl nicotinate
Methyl salicylate
Methylcellulose
Methyldopa
Methylnaltrexone bromide
Methylprednisolone
Methylprednisolone acetate
Methylprednisolone sodium succinate
Methylrosanilinium chloride
Methyltestosterone
Methylthioninium chloride
Methysergide
Metipranolol
Metoclopramide
Metolazone
Metoprolol
Metronidazole
Metyrapone
Mexiletine
Micafungin
Miconazole
Midazolam
Midodrine
Mifamurtide
Mifepristone
Miglustat
Milrinone
Minocycline
Minoxidil
Misoprostol
Mitomycin
Mitotane
Mitoxantrone
Mivacurium
Mizolastine
Moexipril
Molgramostim
Mometasone
Monopotassium phosphate
Montelukast
Moroctocog alfa
Morphine
Moxifloxacin
Moxisylyte
Moxonidine
Mucin
Mucopolysaccharide polysulphate
Mumps
Mupirocin
Muromonab-CD3
Mycophenolate mofetil
Mycophenolic acid
Myrrh
Nabilone
Nabumetone
Nadolol
Nafarelin
Naftidrofuryl
Nalbuphine
Nalidixic acid
Naloxone
Naltrexone
Nandrolone
Naphazoline
Naproxen
Naratriptan
Nasonex
Natalizumab
Nebivolol
Nedocromil
Nefopam
Nelarabine
Nelfinavir
Neomycin
Neostigmine
Nepafenac
Netilmicin
Nevirapine
Nicardipine
Nicorandil
Nicotinamide
Nicotine
Nicotinic acid
Nifedipine
Nilotinib
Nimodipine
Nisoldipine
Nitisinone
Nitric oxide
Nitric oxide gas
Nitrofurantoin
Nitrous oxide
Nitrous oxide gas
Nizatidine
Nonacog alfa
Nonoxinol
Noradrenaline
Norelgestromin
Norethisterone
Norethisterone acetate
Norethisterone enantate
Norfloxacin
Norgestimate
Norgestrel
Normal immunoglobulin human
Noxytiolin
Nystatin
Oak mistletoe
Octocog alfa
Octreotide
Ofatumumab
Ofloxacin
Olanzapine embonate
Oleic acid
Olive oil
Olmesartan
Olopatadine
Olsalazine
Omacor TT
Omalizumab
Omeprazole
Ondansetron
Opium
Orange
Orciprenaline
Orlistat
Orphenadrine
Oseltamivir
Oxaliplatin
Oxandrolone
Oxcarbazepine
Oxerutins
Oxetacaine
Oxitropium
Oxprenolol
Oxybuprocaine
Oxybutynin
Oxycodone
Oxygen
Oxygen gas
Oxymetazoline
Oxymetholone
Oxypertine
Oxytetracycline
Oxytocin
Paclitaxel
Palifermin
Palivizumab
Palmitic acid
Palonosetron
Pamidronic acid
Pancreatin
Pancuronium
Panitumumab
Pantoprazole
Papaveretum
Papaverine
Parabuthus species scorpion venom antiserum
paracetamol
Paraffin hard
Paraldehyde
Parathyroid hormone
Parecoxib
Paricalcitol
Paromomycin
Passion flower
Pazopanib
Pegaptanib
Pegaspargase
Pegfilgrastim
Peginterferon alfa-2a
Peginterferon alfa-2b
Pegvisomant
Pemetrexed
Penciclovir
Penicillamine
Pentagastrin
Pentamidine
Pentane
Pentastarch
Pentazocine
Pentosan polysulfate sodium
Pentostatin
Pentoxifylline
Peppermint oil
Peracetic acid
Perflutren
Perindopril
Permethrin
Pertussis
Pertussis vaccine
Pethidine
Phenergan
Phenindione
Phenobarbital
Phenobarbital sodium
Phenol
Phenolphthalein
Phenothrin
Phenoxybenzamine
Phenoxyethanol
Phenoxymethylpenicillin
Phentolamine
Phenylalanine
Phenylbutazone
Phenylephrine
Phenylpropanolamine
Phenytoin sodium
Pholcodine
Physostigmine
Phytomenadione
Pilocarpine
Pimecrolimus
Pindolol
Pine mistletoe
Pioglitazone
Piperacillin
Piperazine
Piracetam
Pirenzepine
Pirenzipine
Piroxicam
Piroxicam betadex
Pivmecillinam
Pizotifen
Plerixafor
Pneumococcal vaccine
Podophyllotoxin
Podophyllum resin
Polihexanide
Poliomyelitis
Poliomyelitis vaccine
Polygeline
Polymyxin B
Polynoxylin
Polysaccharide-iron complex
Polythiazide
Polyvalent snake venom antisera
Polyvinyl alcohol
Poractant alfa
Porcine Factor VIII
Porfimer
Posaconazole
Potassium
Potassium acid tartrate
Potassium aminobenzoate
Potassium bicarbonate
Potassium bromide
Potassium canrenoate
Potassium chlorate
Potassium chloride
Potassium citrate
Potassium dihydrogen phosphate
Potassium hydroxyquinoline sulphate
Potassium hydroxyquinolone sulphate
Potassium iodate
Potassium iodide
Potassium nitrate
Potassium perchlorate
Potassium permanganate
Potassium phosphate
Povidone
Povidone-Iodine
Pralidoxime chloride
Pralidoxime mesylate
Pramocaine
Prasterone
Prasugrel
Pravastatin
Praziquantel
Prazosin
Prednisolone
Prednisone
Prilocaine
Primaquine
Pristinamycin
Probenecid
Procainamide
Procaine
Procaine benzylpenicillin
Procarbazine
Prochlorperazine
procyclidine
Proflavine
Progesterone
Proguanil
Promethazine hydrochloride
Promethazine teoclate
Propafenone
Propamidine
Propantheline
Propiverine
Propofol
Propranolol
Propylene glycol
Propylthiouracil
Protein C human
Protirelin
Proxymetacaine
Prucalopride
Prussian blue insoluble
Pseudoephedrine
Pyrazinamide
Pyridostigmine
Pyridoxal phosphate
Pyridoxine
Pyrimethamine
Quinagolide
Quinapril
Quinidine
Quinine
Quinine bisulphate
Quinine dihydrochloride
Quinine hydrochloride
Quinine sulphate
Quinupristin
Rabeprazole
Rabies immunoglobulin
Rabies vaccine
Raloxifene
Raltegravir
Raltitrexed
Ramipril
Ranibizumab
Ranitidine
Ranitidine bismuth citrate
Ranolazine
rapid tranq
Rasagiline
Rasburicase
Raspberry leaf
Razoxane
Regadenoson
Remifentanil
Resorcinol
Retapamulin
Reteplase
Retigabine
Retinol
Reviparin
Rhubarb
Rhubarb extract
Ribavirin
Riboflavin
Riboflavine
Rifabutin
Rifampicin
Rifaximin
Riluzole
Rimexolone
Rimonabant
Risedronate
Risedronate sodium
Risedronic acid
Risp Consta
Risperdol Consta
Risperidone Consta
Ritodrine
Ritonavir
Rituximab
Rivaroxaban
Rizatriptan
Rocuronium
Rofecoxib
Roflumilast
Romiplostim
Ropinirole
Ropivacaine
Rose bengal
Rose water
Rosiglitazone
Rosuvastatin
Rotavirus vaccine
Rotigotine
Rubella vaccine
Rufinamide
Rupatadine
Saccharin
Sacrosidase
Salbutamol
Salicyclic acid
Salicylamide
Salicylic acid
Salmeterol
Sapropterin
Saquinavir
Saw-scaled viper venom antiserum
Secobarbital
Secretin
Selegiline
Selenium
Senna
Senna TT
Sennosides
Sermorelin
Serrapeptase
Sertralnie
Sesame oil
Sevelamer
Sevoflurane
Shark liver oil
Siberian ginseng
Sibutramine
Sildenafil
Silica
Silicone
Silver carbonate
Silver nitrate
Simeticone
Simvastatin
Sirolimus
Sitaxentan
Sodium acid phosphate
Sodium alginate
Sodium amidotrizoate
Sodium amidotrizoate - invalid
Sodium ascorbate
Sodium aurothiomalate
Sodium benzoate
Sodium bicarbonate
Sodium bromide
Sodium calcium edetate
Sodium chloride
Sodium citrate
Sodium clodronate
Sodium cromoglicate
Sodium dichloroisocyanurate
Sodium dihydrogen phosphate dihydrate
Sodium Docustate
Sodium feredetate
Sodium fluoride
Sodium fusidate
Sodium glycerophosphate
Sodium hyaluronate
Sodium hydroxybutyrate
Sodium iopodate
Sodium lactate
Sodium lauryl ether sulphate
Sodium lauryl ether sulpho-succinate
Sodium metabisulphite
Sodium monofluorophosphate
Sodium nitrite
Sodium nitroprusside
Sodium oxybate
Sodium phenylbutyrate
Sodium phosphate
Sodium phosphate dibasic
Sodium picosulfate
Sodium pidolate
Sodium polystyrene sulfonate
Sodium salicylate
Sodium stibogluconate
Sodium tetradecyl sulfate
Sodium thiosulphate
Sodium Valporate
Sodium Valporate Chrono
Sodium Valproate
Sodium Valproate Chrono
Soft paraffin
Soft soap
Solifenacin
Somatorelin
Somatropin
Sorafenib
Sorbitol
Sotalol
Soya oil
Spectinomycin
Spiramycin
Spironolactone
Squill
Squill oxymel
St. John's wort
Stannous fluoride
Stanozolol
Starch
Stavudine
Stearic acid
Sterculia
Stiripentol
Stonefish venom antiserum
Storax
Streptodornase
Streptokinase
Streptomycin
Strontium ranelate
Succimer
Sucralfate
Sucrose
Sugammadex
Sulconazole
Sulfadiazine
Sulfadiazine silver
Sulfadoxine
Sulfamethoxypyridazine
Sulfapyridine
Sulfasalazine
Sulfinpyrazone
Sulfur hexafluoride
Sulfuric acid
Sulindac
Sulphan blue
Sulphur
Sultiame
Sumatra benzoin
Sumatriptan
Sunitinib
Suxamethonium
Tacalcitol
Tacrolimus
Tadalafil
Tafluprost
Talc
Tamoxifen
Tamsulosin
Tapentadol
Tar
Taraxacum
Tartaric acid
Tasonermin
Taurine
Taurolidine
Tazarotene
Tazobactam
Tegafur
Teicoplanin
Telbivudine
Telithromycin
Telmisartan
Temocillin
Temoporfin
Temozolomide
Temsirolimus
Tenecteplase
Tenofovir
Tenoxicam
Terazosin
Terbinafine
Terbutaline
Terfenadine
Teriparatide
Terlipressin
Terpin
Testolactone
testosterone
Testosterone enantate
Testosterone propionate
Testosterone undecanoate
Tetanus
Tetanus immunoglobulin
Tetanus vaccine
Tetrabenazine
Tetracaine
Tetracosactide
Tetracycline
Tetrastarch
Thalidomide
Theophylline
Thiamine
Thiopental
Thiotepa
Thrombin
Thymol
Thyrotropin alfa
Thyroxine
Tiabendazole
Tiagabine
Tiaprofenic acid
Tibolone
Ticagrelor
Ticarcillin
TICE strain Bacillus of Calmette-Guerin
Tick-borne encephalitis immunoglobulin
Tick-borne encephalitis vaccine
Ticlopidine
Tigecycline
Tiger snake venom antiserum
Tilactase
Tiludronic acid
Timolol
Tinidazole
Tinzaparin
Tioconazole
Tioguanine
Tiotropium
Tipranavir
Tirofiban
Titanium dioxide
Titanium peroxide
Titanium salicylate
Tizanidine
Tobramycin
Tocilizumab
Tocofersolan
Tolazoline
Tolbutamide
Tolcapone
Tolfenamic acid
Tolnaftate
Tolterodine
Tolvaptan
Topiramate
Topotecan
Torasemide
Toremifene
Trabectedin
Tragacanth
Tramazoline
Trandolapril
Tranexamic acid
Trastuzumab
Travoprost
Treacle
Tree pollen
Treosulfan
Tretinoin
Triamcinolone
Triamcinolone acetonide
Triamcinolone hexacetonide
Triamterene
Triclosan
Trientine
Trifluridine
Trilostane
Trimetaphan
Trimetazidine
Trimethoprim
Tripotassium dicitratobismuthate
Triprolidine
Triptorelin
Trometamol
Tropicamide
Tropisetron
Trospium
Tuberculin purified protein derivative
Tuberculosis vaccine
Turpentine oil
Tyloxapol
Typhoid vaccine
Tyrosine
Tyrothricin
Ubidecarenone
Ulipristal
Undecenoic acid
Unithiol
Uracil
Urea
Urea [13-C]
Urea hydrogen peroxide
Urofollitropin
Urokinase
Ursodeoxycholic acid
Ustekinumab
Valaciclovir
Valdecoxib
Valerian
Valganciclovir
Valine
Valsartan
Vancomycin
Vardenafil
Varenicline
Varicella immunoglobulin
Varicella vaccine
Vecuronium
Velaglucerase alfa
Venlafaxine XL
Verapamil
Verteporfin
Vigabatrin
Vildagliptin
Vinblastine
Vincristine
Vindesine
Vinflunine
Vinorelbine
Vitamin D
von Willebrand factor
Voriconazole
W135
Warfarin
Wasp venom
Water
Wheat dextrin
Wheat grain
White soft paraffin
Wild cherry
Wool alcohols
Wool fat
Xenical
Xipamide
Xylitol
Xylometazoline
Y vaccine
Yellow fever vaccine
Yellow soft paraffin
Yohimbine
Zafirlukast
Zalcitabine
Zanamivir
Ziconotide
Zidovudine
Zinc
Zinc acetate
Zinc citrate
Zinc gluconate
Zinc glycinate
Zinc oxide
Zinc sulphate
Zinc undecenoate
Zoledronic acid
Zolmitriptan
Zolpidem Tartrate
Zonisamide
Zuclopenthixol acetate
Zuclopenthixol decanoate
