A2A Spacer
Abelcet
Abidec
Abilify
Able Spacer
Abraxane
Abstral
Accolate
Accrete D3
Accupro
Accuretic
Acea
Acidex
Aclasta
Acnecide
Actikerall
Actilyse
Actilyse Cathflo
Actiq
Actonel
Actonel Combi
Actonel Once a Week
Actos
Actrapid
Acular
Acupan
Acute coronary syndromes
ACWY Vax
Adalat
Adalat LA
Adalat Retard
Adartrel
Adcal
Adcal-D3
Adcetris
Adcirca
Addiphos
Additrace
Adenocor
Adenoscan
Adipine MR
Adipine XL
Adizem-SR
Adizem-XL
Administration
Administration of drugs for asthma
Adoport
Adrenal suppression
Adrenaline/Epinephrine 1 in 10 000, Dilute
Adrenaline/Epinephrine 1 in 1000
Adsorbed Diphtheria [low dose], Tetanus and Poliomyelitis (Inactivated) Vaccine
Adsorbed Diphtheria [low dose], Tetanus, Pertussis (Acellular, Component) and Poliomyelitis (Inactivated) Vaccine
Adsorbed Diphtheria, Tetanus, Pertussis (Acellular, Component) and Poliomyelitis (Inactivated) Vaccine
Adult and Child over 5 years
Advagraf
AeroChamber Plus
Afinitor
Aggrastat
Agrippal
Airomir
Aknemycin Plus
Albustix
Aldactone
Aldara
Aldomet
Aldurazyme
Alimemazine
Alimta
Alkeran
Allegron
Almogran
Almond Oil
Alomide
Aloxi
Alphaderm
Alphagan
Alphosyl 2 in 1
Altacite Plus
Altargo
Alu-Cap
Alvesco
Amaryl
Ambirix
AmBisome
Ambulatory oxygen therapy
Ametop
Amias
Amikin
Amiloride
Amiloride with bumetanide
Aminoplasmal 10%
Aminoplasmal 5% E
Aminoven 25
Amiodarone
Amiodarone hydrochloride formulations [unlicensed]
Amitiza
Amitriptyline
Amlodipine formulations [unlicensed]
Ammonaps
Amoxil
Ampres
Anabact
Anaesthesia, sedation, and resuscitation in dental practice
Anafranil
Anafranil SR
Ancora 375 Ag
Ancora 375 Cu
Ancotil
Androcur
Anectine
Angeliq
Angiox
Angitak
Angitil SR
Angitil XL
Anhydrol Forte
Anquil
Antabuse
Antepsin
Anthelios
Antidiuretic hormone antagonists
Antiemetics
Anugesic-HC
Anusol-HC
Apidra
APO-go
Apomorphine
Apresoline
Aprokam
Aprovel
Aptivus
Aquadrate
Aquamax
Aquamol
Aqueous Cream, BP
Aqueous Iodine Oral Solution
Aquoral
Arachis Oil Enema
Aragam
Aranesp
Arcoxia
Aredia Dry Powder
Argipressin
Aricept
Aricept Evess
Arimidex
Arixtra
Arlevert
Aromasin
Aromatic Magnesium Carbonate Mixture, BP
Arpicolin
Arrangements for supplying oxygen
Artelac
Artelac Nighttime Gel
Artelac Rebalance
Artelac SDU
Artelac Splash
Arthrotec
Arythmol
Arzerra
AS Saliva Orthana
Asacol
Asacol MR
Asasantin Retard
Asmabec Clickhaler
Asmanex
Asmasal Clickhaler
AT 10
Atarax
Atimos Modulite
Atracurium
Atriance
Atripla
Atropine
Atrovent
Augmentin
Aureocort
Autopen
Avamys
Avastin
Avaxim
Aveeno
Avelox
Avloclor
AVOCA
Avodart
Avomine
Avonex
Axorid
Azactam
Azarga
Azilect
Azopt
Azyter
Azzalure
Babyhaler
Bactroban
Bactroban Nasal
Balance Activ Rx
Balanced Salt Solution
Balneum
Bambec
Baraclude
Beclometasone
Beconase
Bedol
Bendroflumethiazide formulations [unlicensed]
Benzodiazepines
Benzoic Acid Ointment, Compound, BP
Benzoin Tincture, Compound, BP
Benzyl Benzoate Application, BP
Berinert
Besavar XL
Beta-Adalat
Beta-Cardone
Betacap
Betadine
Betaferon
Betagan
Betaloc
Betamethasone and clioquinol
Betamethasone and neomycin
Betamethasone Valerate
Betesil
Betim
Betmiga
Betnesol
Betnesol-N
Betnovate
Betnovate-RD
Betoptic
Bettamousse
Bexsero
Bezalip
Bezalip Mono
Binocrit
BiNovum
Biorphen
Biotène Oralbalance
BioXtra
Blink Intensive Tears
Blood
Blood monitoring
Bocouture
Bondronat
Bonefos
Bonviva
Bosulif
Botox
Botulism Antitoxin
Bowel cleansing preparations
Bramitob
Brasivol
Breast pain (mastalgia)
Brevibloc
Brevinor
Brevoxyl
Brexidol
Bricanyl
Bridion
Brilique
BritLofex
Brolene
Bronchitol
Brufen
Brufen Retard
Buccastem
Buccolam
Budelin Novolizer
Budenofalk
Bufyl
Bupivacaine
Bupivacaine and Adrenaline
Buscopan
Busilvex
BuTrans
Bydureon
Byetta
Cabaser
Cacit
Cacit D3
Caelyx
Calamine and Coal Tar Ointment, BP
Calceos
Calcicard CR
Calcichew
Calcichew-D3
Calcium and Ergocalciferol
Calcium Chloride
Calcium Folinate
Calcium Gluconate
Calcium Lactate
Calcium Levofolinate
Calcium Resonium
Calcium salts formulations [unlicensed]
Calcium-500
Calcium-Sandoz
Calcort
Calfovit D3
Calmurid
Calmurid HC
Camcolit
Campral EC
Campto
Cancidas
Canesten
Canesten HC
Capasal
Capexion
Capimune
Capoten
Capozide
Caprelsa
Caprin
Capsorin
Captopril formulations [unlicensed]
Carace Plus
Caramet CR
Carbagen SR
Carbaglu
Carbimazole formulations [unlicensed]
Carbo-Dome
Carbomer Gel
Cardene
Cardene SR
Cardicor
Cardiovascular system
Cardioxane
Cardura
Cardura XL
Carmellose
Carmize
Carnitor
Casodex
Catacrom
Catapres
Caverject
Cayston
Ceanel Concentrate
Celebrex
Celectol
Celevac
Celiprolol
CellCept
Celluvisc
Celsentri
Central nervous system
Ceplene
Ceporex
Cepton
Cerazette
Cerezyme
Cernevit
Cerumol
Cervarix
Cetirizine
Cetraben
Cetrimide Cream, BP
Cetrotide
Champix
Chemydur 60XL
Child under 5 years
Chirocaine
Chloral Elixir, Paediatric, BP 2000
Chloral Mixture, BP 2000
ChloraPrep
Chlordiazepoxide
Chlorhexidine 0.02%
Chlorhexidine 0.05%
Chloromycetin
Chlorphenamine
Chlorpromazine
Cholestagel
Choline Salicylate Dental Gel, BP
Choragon
Chronic facial pain
Chronic obstructive pulmonary disease
Cialis
Cidomycin
Cilest
Ciloxan
Cinryze
Cipralex
Cipramil
Ciproxin
Circadin
Citanest 1%
Citanest 3% with Octapressin
CitraFleet
Citramag
Clarelux
Clarithromycin m/r preparations
Clasteon
Clenil Modulite
Clexane
ClikSTAR
Climagest
Climanor
Climaval
Climesse
Clinimix N14G30E
Clinimix N9G20E
Clinitas
Clinitas Gel
ClinOleic 20%
Clinorette
Clipper
Clobazam formulations [unlicensed]
Clobetasol with neomycin and nystatin
Clomid
Clomifene
Clomipramine
Clonazepam formulations [unlicensed]
Clonidine
Clonidine hydrochloride formulations [unlicensed]
Clopixol
Clopixol Acuphase
Clopixol Conc.
Clostridium difficile infection
Clotam Rapid
Clozaril
Co-codamol 30/500
Co-codamol 8/500
Co-codaprin
Co-danthramer
Co-danthrusate
Co-Diovan
Co-flumactone
Co-triamterzide
Co-zidocapt
Coal Tar and Salicylic Acid Ointment, BP
Coal Tar Paste, BP
Coal Tar Solution, BP
CoAprovel
Cocois
Codeine Linctus, BP
Codipar
Colazide
Colecalciferol formulations [unlicensed]
Colestid
Colifoam
Collodion, Flexible, BP
Colobreathe
Colofac
Colofac MR
Colomycin
Colpermin
Combigan
Combined preparations
Combined vaccines
Combivent
Combivir
Combodart
Competact
Compound analgesic preparations
Compound ipratropium preparations
Compound preparations
Compound preparations (for migraine)
Compound preparations with thiazide or loop diuretics
Compound preparations with thiazides or loop diuretics
Comtess
Concentrated solutions (20%)
Concerta XL
Condyline
Conotrane
Constella
Convulex
Copaxone
Copegus
Copper T 380A
Coracten SR
Coracten XL
Cordarone X
Cordilox
Corgard
Coro-Nitro Pump Spray
Corsodyl
CosmoFer
Cosopt
Covermark
Coversyl Arginine
Coversyl Arginine Plus
Cozaar
Cozaar-Comp
Crab lice
Creon 10 000
Creon 25 000
Creon 40 000
Creon Micro
Crestor
Crinone
Crixivan
Croup
Crystacide
Crystapen
Cu-Safe T300
Cubicin
Cuplex
Curatoderm
Curosurf
Cutivate
CX Antiseptic Dusting Powder
Cyclimorph
Cyclo-Progynova
Cyclogest
Cyklokapron
Cymbalta
Cymevene
Cyprostat
Cystadane
Cystagon
Cystrin
Cytotec
Dacogen
Daktacort
Daktarin
Dalacin
Dalacin C
Dalacin T
Dalivit
Dalmane
Danol
Dantrium Intravenous
Daraprim
DaunoXome
Daxas
DDAVP
De-Noltab
Deca-Durabolin
Decan
Decapeptyl SR
Dentinox
Denzapine
Depakote
Depixol
Depixol Conc.
Depixol Low Volume
Depo-Medrone
Depo-Provera
DepoCyte
Deponit
Depot preparation
Derbac-M
Dermablend
Dermabond ProPen
Dermacolor
Dermalo
Dermamist
Dermatonics Once Heel Balm
Dermax
Dermol
Dermovate
Desferal
DesmoMelt
Desmopressin acetate
Desmospray
Desmotabs
Desogestrel
Destolit
Desunin
Detrunorm
Detrunorm XL
Detrusitol
Detrusitol XL
Dexamfetamine
Dexdor
Deximune
DF118 Forte
DHC Continus
diabact UBT
Diabetic nephropathy
Diabetic neuropathy
Diabur-Test 5000
Diamicron
Diamicron MR
Diamorphine
Diamorphine hydrochloride formulations [unlicensed]
Diamox
Diamox SR
Dianette
Diastix
Diazoxide formulations [unlicensed]
Diclomax Retard
Diclomax SR
Dicycloverine
Dicynene
Didronel
Differin
Difflam
Dificlir
Diflucan
DigiFab
Dihydrocodeine
Dilcardia SR
Diloxanide
Diltiazem
Dilzem SR
Dilzem XL
Dioctyl
Dioderm
Dioralyte
Dioralyte Relief
Diovan
Dipentum
Dipeptiven
Diphtheria Antitoxin
Diphtheria, Tetanus, Pertussis (Acellular, Component), Poliomyelitis (Inactivated) and Haemophilus Type b Conjugate Vaccine (Adsorbed)
Dipipanone and cyclizine
Diprivan
Diprobase
Diprosalic
Diprosone
Disipal
Distaclor
Distaclor MR
Dithranol Ointment, BP
Dithranol Paste, BP
Dithrocream
Ditropan
Diumide-K Continus
Diurexan
Diverticular disease
Dixarit
Docusol
Dolmatil
Dolocodon PR
Donepezil
Dopacard
Dopamine
Doralese
Doribax
Dorzolamide with Timolol
Dostinex
Dosulepin
Doublebase
Dovobet
Dovonex
Doxazosin formulations [unlicensed]
Doxorubicin
Dozic
Drapolene
Driclor
Dropodex
Duac Once Daily
Dukoral
Dulcolax Pico
Duodopa
Duofilm
DuoTrav
Duraphat
Durogesic DTrans
Dyazide
Dyloject
Dymista
Dynastat
Dyspepsia
Dysport
E45
E45 Itch Relief Cream
Ear, nose, and oropharynx
Easyhaler Salbutamol
Ebixa
Ecalta
Eczmol
Edarbi
Edronax
Edrophonium
Edurant
Efcortesol
Efexor XL
Effentora
Efient
Efracea
Efudix
Eklira Genuair
Elantan LA
Elaprase
Eldepryl
Eldisine
Electrolade
Elidel
ellaOne
Elleste Solo MX
Elleste-Duet
Elleste-Solo
Elocon
Elonva
Eludril
Elvanse
Emadine
Emcor
Emend
Emeside
Emflex
EMLA
Emollin
Emselex
Emtriva
Emulsiderm
Emulsifying Ointment, BP
Emustil
En-De-Kay
Engerix B
Entocort
Enzira
Epaderm
Epanutin
Epanutin Ready-Mixed Parenteral
Epaxal
Ephedrine
Epiduo
Epiglu
Epilepsy syndromes
Epilim
Epilim Chrono
Epilim Chronosphere
Epilim Intravenous
EpiPen
Epirubicin
Episenta
Epival
Epivir
Eporatio
Eprex
Equasym XL
Erbitux
Erdotin
Ergometrine
Erivedge
Erwinase
Erymax
Erythrocin
Erythromycin Ethyl Succinate
Erythromycin Lactobionate
Erythroped
Erythroped A
Esbriet
Esmeron
Esmya
Estracyt
Estraderm MX
Estradot
Estring
Ethambutol
Ethibide XL
Ethinylestradiol with cyproterone acetate
Ethyol
Etomidate-Lipuro
Etopan XL
Etopophos
Etrivex
Eucerin Intensive
Eucreas
Eudemine
Eumovate
Eurartesim
Eurax
Eviplera
Evista
Evoltra
Evorel
Evra
Exelon
Exembol
Exforge
Exjade
Exocin
Exorex
Extavia
Exterol
Eye
Eylea
Ezetrol
Fabrazyme
Falciparum malaria (treatment)
Famvir
Fareston
Fasigyn
Faslodex
Faverin
Fefol
Feldene
Femara
Femodene
Femodene ED
Femodette
Femoston
FemSeven
FemSeven Conti
FemSeven Sequi
Fendrix
Fenopron 300
Fentazin
Feospan
Ferinject
Ferriprox
Ferrograd
Ferrograd C
Ferrograd Folic
Fersaday
Fibro-Vein
Filnarine SR
Finacea
Firazyr
Firmagon
Flagyl
Flamazine
Flebogamma DIF
Flecainide
Fleet Phospho-soda
Fleet Ready-to-use Enema
Flexi-T + 380
Flexi-T 300
Flexitol
Flixonase
Flixonase Nasule
Flixotide
Flolan
Flomaxtra XL
Florinef
Flowfusor
Fluanxol
Fluarix
Fluarix Tetra
Fludara
Fludarabine
Fludrocortisone acetate formulations [unlicensed]
Fluenz
Fluor-a-day
FluoriGard
Flutiform
Fluvirin
Fluvoxamine
FML
Focal seizures with or without secondary generalisation
Foradil
Forceval
Formoterol
Forsteo
Fortipine LA 40
Fortum
Forxiga
Fosamax
Fosamax Once Weekly
Fosavance
Foscan
Foscavir
Fosrenol
Fostair
Fostimon
Fragmin
Froben
Frusene
Fucibet
Fucidin
Fucidin H
Fucithalmic
Fultium-D3
Fungizone
Fuzeon
Fybogel
Fybogel Mebeverine
Fycompa
Gabitril
Galantamine m/r preparations
Galenphol
Galfer
Galfer FA
Galpseud
Galvus
Gammagard S/D
Gammanorm
Gammaplex
Gamunex
Ganfort
Gardasil
Gastro-intestinal system
Gastro-oesophageal reflux disease
Gastrocote
Gaviscon
Gaviscon Advance
Gaviscon Infant
Gedarel 20/150
Gedarel 30/150
Gelaspan
Gelofusine
Geloplasma
GelTears
Gemzar
Generalised seizures
Genital system
Genotropin
Genticin
Gentisone HC
Gestone
Gilenya
Glamin
Glandosane
Gliadel
Glivec
GlucaGen HypoKit
Glucobay
Glucophage
Glucophage SR
Glucose Intravenous Infusion
Glutarol
Glycerol Suppositories, BP
Glycine Irrigation Solution
Glycophos Sterile Concentrate
Glycopyrronium–Neostigmine
Glypressin
Glytrin Spray
Golden Eye
Gonal-F
Gonapeptyl Depot
Gopten
Granocyte
Grazax
Grisol AF
Gygel
GyneFix
Gynest
Gyno-Daktarin
Gyno-Pevaryl
Gynoxin
Haelan
HAES-steril
Halaven
Haldol
Haldol Decanoate
Haleraid
Half Securon SR
Half Sinemet CR
Half-Inderal LA
Halibut-liver Oil
Havrix Monodose
HBvaxPRO
Head lice
Healthy Start Children's Vitamin Drops
Heart failure
Hedrin
Helicobacter Test INFAI
Hemabate
Hemohes
Heparin Calcium
Heparin Sodium
HepatectCP
Hepatic impairment
Hepatyrix
Hepsera
Herceptin
Hetastarch
Hexopal
Hibi Liquid Hand Rub+
Hibiscrub
Hibitane Obstetric
Hidrasec
High-risk groups
Hiprex
Hirudoid
Histoacryl
Hizentra
Homatropine
Hormone replacement therapy
Hormonin
Humalog
Humalog Mix25
Humalog Mix50
HumaPen Luxura
HumaPen Luxura HD
HumaPen Memoir
Humatrope
Humulin I
Humulin M3
Humulin S
Hyabak
Hycamtin
Hydatid disease
Hydralazine
Hydralazine hydrochloride formulations [unlicensed]
Hydrea
Hydrex
Hydrocortisone formulations [unlicensed]
Hydrogen Peroxide Mouthwash, BP
Hydrogen Peroxide Solution, BP
Hydromol
Hydromol HC Intensive
Hydromol Intensive
Hydromoor
Hydrous Ointment, BP
Hydroxycarbamide formulations [unlicensed]
Hygroton
Hylo-Care
Hylo-Forte
Hylo-Tear
Hyoscine
Hyperamine 30
Hypnomidate
Hypnovel
Hypovase
Hypurin Bovine Isophane
Hypurin Bovine Lente
Hypurin Bovine Neutral
Hypurin Bovine Protamine Zinc
Hypurin Porcine 30/70 Mix
Hypurin Porcine Isophane
Hypurin Porcine Neutral
Hytrin
Ichthammol Ointment, BP 1980
Iclusig
Ikorel
Ilaris
Ilaxten
Ilube
Iluvien
Imdur
Imigran
Imigran Radis
Imipramine
ImmuCyst
Immukin
Immunosuppressant therapy
Immunosuppression and indwelling intraperitoneal catheters
Imnovid
Imodium
Imodium Plus
Imunovir
Imuran
Imuvac
Inactivated (Salk) vaccine
Inactivated Influenza Vaccine (Split Virion)
Inactivated Influenza Vaccine (Surface Antigen)
Incivo
Increlex
Inderal-LA
Indivina
Indometacin m/r preparations
Industrial Methylated Spirit, BP
Inegy
Infacol
Infections
Inflammatory bowel disease
Influvac Desu
Injection
Injections of vitamins B and C
Injex
Inlyta
Innohep
Innovace
Innozide
Inovelon
Inspra
Instanyl
Instillagel
InsuJet
Insulatard
Insuman Basal
Insuman Comb 15
Insuman Comb 25
Insuman Comb 50
Insuman Rapid
Intal CFC-Free Inhaler
Intanza
Integrilin
Intelence
Intra-uterine device
Intracerebral haemorrhage
Intralipid 10%
Intralipid 20%
Intralipid 30%
Intramuscular adrenaline (epinephrine)
Intratect
Intravenous adrenaline (epinephrine)
IntronA
Invanz
Invega
Invirase
Iopidine
Ipocol
Ipratropium bromide with salbutamol
Ipratropium Steri-Neb
Irbesartan with hydrochlorothiazide
Iressa
Irinotecan
Ironorm Drops
Irriclens
Irripod
Irritable bowel syndrome
Ischaemic stroke
Isentress
Isib 60XL
Ismo
Ismo Retard
Isodur
Isogel
Isoket
Isoket Retard
Isoplex
Isopto Alkaline
Isopto Plain
Isotard
Isotonic Gentamicin Injection
Isotonic solutions
Isotrex
Isotrexin
Isovorin
Ispagel Orange
Istin
Ivemend
Ixiaro
Jakavi
Janumet
Januvia
Javlor
Jentadueto
Jetrea
Jevtana
Jext
Joint prostheses and dental treatment
Joy Rides
Kabiven
Kabiven Peripheral
Kalcipos-D
Kaletra
Kalspare
Kalten
Kalydeco
Kaolin and Morphine Mixture, BP
Kaolin Mixture, BP
Kapake
Katya 30/75
Kay-Cee-L
Kefadim
Keflex
Kemadrin
Kemicetine
Kenalog Intra-articular/Intramuscular
Kentera
Kepivance
Keppra
Keral
Keromask
Ketalar
Ketek
Ketorolac
Ketostix
Ketovite
Kiovig
Kivexa
Klaricid
Klaricid XL
Klean-Prep
Kliofem
Kliovance
Kolanticon
Komboglyze
Konakion MM
Konakion MM Paediatric
Kuvan
Kwells
Kytril
Labetalol hydrochloride formulations [unlicensed]
Lacri-Lube
Lamictal
Lamisil
Lancets, needles, syringes, and accessories
Lanoxin
Lanoxin-PG
Lantus
Lanvis
Larapam SR
Largactil
Lariam
Laryngojet
Lasilactone
Lasix
Lescol
Lescol XL
Leukeran
Leustat
Levact
Levemir
Levest
Levitra
Levobunolol
Levomenthol Cream, BP
Levonelle 1500
Levonelle One Step
Levothyroxine
Li-Liquid
Lidocaine
Lidocaine injections for dental use
Lidocaine with phenylephrine
Life-threatening acute asthma
Linctus
Lipantil
Lipidem
Lipitor
Lipobase
Lipofundin MCT/LCT 10%
Lipofundin MCT/LCT 20%
Lipostat
LiquiBand
Liquid and White Soft Paraffin Ointment, NPF
Liquid Paraffin and Magnesium Hydroxide Oral Emulsion, BP
Liquid Paraffin Oral Emulsion, BP
Liquifilm Tears
Liquivisc
Lisinopril formulations [unlicensed]
Liskonum
Litak
Livial
LMX 4
Load 375
Local application
Loceryl
Locoid
Locoid Crelo
Locorten-Vioform
Lodine SR
Lodotra
Loestrin 20
Loestrin 30
Logynon
Logynon ED
Long-term oxygen therapy
Longtec
Loniten
Loperamide
Lopid
Lopresor
Lopresor SR
Loramyc
Loron 520
Losartan potassium with hydrochlorothiazide
Losec
Lotemax
Lotriderm
Low Range Peak Flow Meter
LPL 63.4
Lubristil
Lubristil Gel
Lucentis
Lumecare Carbomer Gel
Lumecare Preservative Free Tear Drops
Lumecare Sodium Hyaluronate
Lumigan
Lustral
Luveris
Lyclear Creme Rinse
Lyclear Dermal Cream
Lyrica
Lyrinel XL
Lysodren
Lysovir
Lyxumia
Maalox
Maalox Plus
Mabron
MabThera
Macrobid
Macrodantin
Macrogol Oral Powder, Compound
Macugen
Madopar
Madopar CR
Magnapen
Magnesium Hydroxide Mixture, BP
Magnesium Sulfate Injection, BP
Magnesium Sulfate Paste, BP
Magnesium Trisilicate Mixture, BP
Magnesium Trisilicate Tablets, Compound, BP
Malabsorption syndromes
Malarivon
Malarone
Malarone Paediatric
Management of severe acute asthma
Management of ST-segment elevation myocardial infarction (STEMI)
Management of stable angina
Management of stroke
Management of unstable angina and non-ST-segment elevation myocardial infarction (NSTEMI)
Manerix
Manevac
Marcain
Marcain Heavy
Marol
Marvelon
Maxalt
Maxepa
Maxidex
Maxitram SR
Maxitrol
Maxolon
Medi-Test Glucose
Medi-Test Protein 2
Medicaid
Medikinet XL
Medrone
Megace
Melophthal
Memantine
Menadiol Phosphate
Menadiol sodium phosphate formulations [unlicensed]
Meningococcal group C conjugate vaccine with Haemophilus Influenzae type B vaccine
Menitorix
Menjugate Kit
Menopur
Menthol and Eucalyptus Inhalation, BP 1980
Menveo
Mepact
Meptid
Mercilon
Merional
Meronem
Metalyse
Metanium
Metformin
Methadone
Methadone Linctus
Methadose
Methyldopa formulations [unlicensed]
Metoclopramide
Metopirone
Metoprolol tartrate formulations [unlicensed]
Metosyn
Metrogel
Metrolyl
Metrosa
Mezavant XL
Miacalcic
Mianserin
Micanol
Micardis
Micardis Plus
Micolette Micro-enema
Micralax Micro-enema
Microgynon 30
Microgynon 30 ED
Micronor
Midrid
Mifegyne
Migard
Migraleve
MigraMax
Migril
Mildison
Millinette 20/75
Millinette 30/75
Mimpara
Mini TT 380 Slimline
Minijet Adrenaline 1 in 10 000
Minijet Adrenaline 1 in 1000
Minijet Atropine
Minijet Lignocaine
Minijet Morphine Sulphate
Minijet Sodium Bicarbonate
Minims Artificial Tears
Minims Atropine Sulphate
Minims Chloramphenicol
Minims Cyclopentolate Hydrochloride
Minims Dexamethasone
Minims Fluorescein Sodium
Minims Lidocaine and Fluorescein
Minims Oxybuprocaine Hydrochloride
Minims Phenylephrine Hydrochloride
Minims Pilocarpine Nitrate
Minims Prednisolone Sodium Phosphate
Minims Proxymetacaine
Minims Proxymetacaine and Fluorescein
Minims Saline
Minims Tetracaine Hydrochloride
Minims Tropicamide
Minitran
Miniversol
Minocycline m/r preparations
Minodiab
Minoxidil formulations [unlicensed]
Mintec
Miochol-E
Miphtel
Mirapexin
Mirapexin Prolonged Release
Mircera
Mirena
Misofen
Mission Glucose
Mission Ketone
Mitomycin C Kyowa
Mivacron
Mixed preparations
Mizollen
MMRvaxPro
Mobiflex
Modecate
Modecate Concentrate
Moderate acute asthma
Modigraf
Modisal XL
Modrasone
Molcer
Molipaxin
Mometasone
Monofer
Monomax
Monomil XL
Monopost
Monosorb XL 60
Morhulin
Morphgesic SR
Morphine Oral Solutions
Morphine Sulfate
Motens
Motifene 75 mg
Motility stimulants
Motilium
Movicol
Movicol Paediatric
Movicol-Half
Moviprep
Moxivig
Mozobil
MST Continus
MucoClear 3%
MucoClear 6%
Mucogel
Multaq
Multi-Safe 375
Multi-Safe 375 Short Stem
Multiload Cu375
Musculoskeletal system
MUSE
MXL
Mycamine
Mycobutin
Mycota
Mydriacyl
Mydriasert
Mydrilate
Myfortic
Myleran
Myocet
Myotonine
Myozyme
Mysoline
Naftidrofuryl
Naglazyme
Nalcrom
Nalorex
Naltrexone
Napratec
Naprosyn
Naramig
Nardil
Naropin
Nasacort
Naseptin
Nasofan
Nasonex
Natecal D3
Natrilix
Natrilix SR
Navelbine
Navidrex
Navispare
Nebido
Nebilet
Nebulisers
Nebusal 7%
Negaban
NeisVac-C
Neo-Safe T380
Neoclarityn
Neokay
Neomycin
Neomycin Cream BPC
Neoral
NeoRecormon
Neostigmine
Neotigason
Nerisone
Nerisone Forte
Neulasta
Neupogen
Neupro
NeuroBloc
Neurontin
Nevanac
Nexavar
Nexium
Nexplanon
Niaspan
Nicam
Nicardipine
Nicorette
Nicotinell
Nifedipress MR
Niferex
Nimbex
Nimenrix
Nimotop
Nipatra
Nipent
NiQuitin
Nitro-Dur
Nitrocine
Nitrolingual Pumpspray
Nitromin
Nitronal
Nivaquine
Nivestim
Nizoral
Nocturnal enuresis in children
Non-falciparum malaria (treatment)
Non-hormonal preparations for vaginal atrophy
Nootropil
Norcuron
Norditropin
Norgalax Micro-enema
Norgeston
Noriday
Norimin
Norinyl-1
Noristerat
Normacol
Normacol Plus
Normasol
Normosang
Norprolac
Norvir
Nova-T 380
Novaplus T 380 Ag
Novaplus T 380 Cu
Novofem
NovoMix 30
NovoPen 4
NovoRapid
Noxafil
Nozinan
Nplate
NSAID-associated ulcers
Nu-Seals Aspirin
Nuelin SA
Nulojix
Nutraplus
Nutriflex basal
NuTRIflex Lipid peri
NuTRIflex Lipid plus
NuTRIflex Lipid plus without Electrolytes
NuTRIflex Lipid special
NuTRIflex Lipid special without Electrolytes
NuTRIflex Omega plus
NuTRIflex Omega special
Nutriflex peri
Nutriflex plus
Nutriflex special
Nutrizym 22
NutropinAq
NuvaRing
Nuvelle Continuous
Nystaform
Nystaform-HC
Nystan
Occlusal
Octagam
Octasa
Octim
Ocufen
Ocusan
Oestrogel
Oftaquix
Oilatum
Oilatum Plus
Oily Phenol Injection, BP
Olbetam
OliClinomel N4-550E
OliClinomel N4-720E
OliClinomel N5-800E
OliClinomel N6-900E
OliClinomel N7-1000
OliClinomel N7-1000E
OliClinomel N8-800
Olive Oil
Olmetec
Olmetec Plus
Omacor
Omegaven
Omnitrope
Onbrez Breezhaler
OncoTICE
Oncovin
One-Alpha
Onglyza
Onkotrone
Opatanol
Opilon
OptiChamber
OptiChamber Diamond
Optilast
Optive
Oral antibacterials for acne
Oral glucose tolerance test
Oral preparations
Oral Rehydration Salts
Oral solution and oral concentrate
Oral vitamin B complex preparations
Oraldene
Oramorph
Orap
Orfadin
Orgalutran
Orgaran
Oropharyngeal viral infections
Ortho-Gynest
Orudis
Oruvail
OsmoPrep
Osteoarthritis and soft-tissue disorders
Osteoporosis
Osvaren
Otex
Other cautions and contra-indications
Other drugs
Other preparations
Other reagent strips available for urinalysis include:
Other stimulant laxatives
Otomize
Otosporin
Otrivine-Antistin
Over-the-counter hydrocortisone preparations
Ovestin
Ovitrelle
Ovranette
Ovysmen
Oxis
Oxprenolol
Oxyal
Oxycodone
OxyContin
Oxygen therapy equipment
OxyNorm
Ozurdex
Pabal
Pabrinex
Palexia
Palexia SR
Palladone
Palladone SR
Paludrine
Paludrine/Avloclor
Pamergan P100
Panadol OA
Pancrease HL
Pancrex
Pancrex V
Pancuronium
PanOxyl
Papaveretum and Hyoscine Injection
Papaverine and phentolamine
Paraffin, White Soft, BP
Paraffin, Yellow Soft, BP
Paramax
Parenteral preparations
Pariet
Parkinson's disease
Parlodel
Paroven
PecFent
Peditrace
Pegasys
Penbritin
Pentacarinat
Pentasa
Pentastarch
Pentostam
Peptac
Percutol
Perdix
Perfalgan
Perfan
Pergoveris
Periactin
Perinal
Perindopril
Periostat
Perjeta
Permitabs
Peroxyl
Persantin
Persantin Retard
Pethidine
Pevaryl
Pharmalgen
Pharmorubicin Solution for Injection
Pheburane
Phenergan
Phenoxybenzamine
Phentolamine
Phenylephrine
Pholcodine Linctus, BP
Pholcodine Linctus, Strong, BP
Phosex
PhosLo
Phosphate-Sandoz
Phosphates
Phosphates Enema BP Formula B
Photofrin
Phyllocontin Continus
Physiotens
Phytex
Picato
Picolax
Piportil Depot
Piriton
Pixuvri
Plasma-Lyte 148 (dextrose 5%)
Plasma-Lyte 148 (water)
Plasma-Lyte M (dextrose 5%)
Plavix
Plenadren
Plendil
Pletal
Pliaglis
Pneumovax II
Pocket Chamber
Pollinex
Polyfax
Polysaccharide vaccine with hepatitis A vaccine
Polytar
Polytar Emollient
Polytar Plus
Ponstan
Potaba
Potassium Chloride and Glucose Intravenous Infusion
Potassium Chloride and Sodium Chloride Intravenous Infusion
Potassium Chloride Concentrate, Sterile
Potassium Chloride, Sodium Chloride, and Glucose Intravenous Infusion
Potassium Citrate Mixture BP
Potassium Permanganate Solution
Potassium Tablets, Effervescent
Prandin
Pravastatin
Praxilene
Pred Forte
Predsol
Pregaday
Pregnancy and breast-feeding
Pregnyl
Premarin
Premique
Prempak-C
Preotact
Preparation
Preparations
Preparations for erectile dysfunction
Preparations on sale to the public
Prescal
Preservex
Prestim
Prestylon
Prevenar 13
Prevention of early-onset neonatal infection
Prevention of endocarditis
Prevention of infection from animal and human bites
Prevention of infection in cardiology procedures
Prevention of infection in gastro-intestinal procedures
Prevention of infection in obstetric and gynaecological surgery
Prevention of infection in orthopaedic surgery
Prevention of infection in urological procedures
Prevention of infection in vascular surgery
Prevention of pertussis
Prevention of pneumococcal infection in asplenia or in patients with sickle-cell disease
Prevention of recurrence of rheumatic fever
Prevention of secondary case of diphtheria in non-immune patient
Prevention of secondary case of Haemophilus influenzae type b disease
Prevention of secondary case of invasive group A streptococcal infection
Prevention of secondary case of meningococcal meningitis
Prevention of tuberculosis in susceptible close contacts or those who have become tuberculin positive
Prezista
Priadel
Priligy
Prilotekal
Primacor
Primaxin
Primene 10%
Primolut N
Priorix
Privigen
Pro-Banthine
Pro-Epanutin
Pro-Viron
Procoralan
Proctofoam HC
Proctosedyl
Procyclidine
Proflavine Cream, BPC
Prograf
Progynova
Progynova TS
Proleukin
Prolia
Promazine
Promethazine
Promixin
Propecia
Propess
Prophylaxis
Prophylaxis against malaria
Propranolol
Propylthiouracil formulations [unlicensed]
Proscar
Prostap 3 DCS
Prostap SR DCS
Prostin E2
Protelos
Prothiaden
Protium
Protopic
Provera
Provigil
Prozac
Psoriderm
Psorin
Psychiatric reactions
Pulmicort
Pulmozyme
Pulvinal Salbutamol
Puregon
Puri-Nethol
Pylobactell
Pyralvex
Pyridoxine
Pyridoxine hydrochloride formulations [unlicensed]
Qlaira
Questran
Questran Light
Quetiapine m/r preparations
Quinine Dihydrochloride
Quinine Sulfate
Quinoderm
QV
Qvar
Rabeprazole
Rabipur
Ranexa
Rapamune
Rapifen
Rapilysin
Rapitil
Rasilez
Ratiograstim
Rebetol
Rebif
Recommended regimens for Helicobacter pylori eradication in adults
Rectogesic
Regaine
Regulan
Regurin
Regurin XL
Relactagel
Relaxit Micro-enema
Relenza
Relestat
Relifex
Relistor
Relpax
Remedeine
Remedeine Forte
Reminyl
Removab
Renacet
Renagel
Renal impairment
Renvela
ReoPro
Replagal
Requip
Requip XL
RescueFlow
Resolor
Resonium A
Respiratory system
Respontin
Restandol Testocaps
Retacrit
Retrovir
Revatio
Revlimid
Revolade
Reyataz
Rheumatoid arthritis and other inflammatory disorders
Rhinocort Aqua
Rhinolast
Rhophylac
Riamet
Riboflavin formulations [unlicensed]
Rienso
Rifadin
Rifater
Rifinah 150/100
Rifinah 300/150
Rigevidon
Rilutek
Rimactane
Rinatec
Ringer's Solution for Injection
Risperdal
Risperdal Consta
Ritalin
Rivotril
Roaccutane
Robinul
Rocaltrol
Rocephin
Rocuronium
Roferon-A
Ropinirole m/r preparations
Ropivacaine
Rosiced
Rotarix
Rowachol
Rowatinex
Rozex
Ruconest
Rupafin
Rynacrom
Rythmodan
Rythmodan Retard
Sabril
Saflutan
Saizen
Salactol
Salagen
Salamol Easi-Breathe
Salatac
Salazopyrin
Salbulin Novolizer
Saliveze
Salivix
Salofalk
Salvacyl
Samsca
Sancuso
Sandimmun
Sando-K
Sandocal
Sandostatin
Sandostatin Lar
Sandrena
Sanomigran
Savene
Savlon Dry
SAYANA PRESS
Scabies
Scandonest 2% Special
Scandonest 3% Plain
Scheriproct
Scopoderm TTS
Sebco
Sebivo
Sectral
Securon
Securon SR
Seebri Breezhaler
Selenase
Selexid
Self-administration of adrenaline (epinephrine)
Selincro
Selsun
Senokot
Septanest
Septrin
Seractil
Serc
Serenace
Seretide
Serevent
Seroquel
Seroxat
Severe acute asthma
Sevikar
Sevikar HCT
Sevredol
Short-burst oxygen therapy
Side-effects of corticosteroids
Side-effects of cytotoxic drugs
Signifor
Siklos
Sildenafil formulations [unlicensed]
Silicone Contraceptive Pessary
Silkis
Simple Eye Ointment
Simple Linctus, BP
Simple Linctus, Paediatric, BP
Simulect
Sinemet
Sinemet CR
Sinepin
Single antigen vaccine
Singulair
Sinthrome
Siopel
Skin
Skinoren
Slo-Phyllin
Slow Sodium
Slow-K
Slow-Trasicor
Slozem
Smallpox vaccine
SMOFlipid
Sno Tears
Sodiofolin
Sodium Bicarbonate Intravenous Infusion
Sodium chloride 0.9%
Sodium Chloride 0.9% Solution for Intravesical Use
Sodium Chloride 0.9% Solutions
Sodium Chloride and Glucose Intravenous Infusion
Sodium chloride formulations [unlicensed]
Sodium Chloride Intravenous Infusion
Sodium Chloride Mouthwash, Compound, BP
Sodium Lactate Intravenous Infusion, Compound
Sofradex
Solaraze
Solian
Soliris
Solivito N
Solpadol
Solu-Cortef
Solu-Medrone
Solution G
Solution R
Solvazinc
Somatuline Autogel
Somatuline LA
Somavert
Sonata
Sorbisterit
Sotacor
Sotalol
Sotalol hydrochloride formulations [unlicensed]
Space Chamber Plus
Spasmonal
Spiriva
Sporanox
Sprilon
Sprycel
Stable angina
Stalevo
Standard Range Peak Flow Meter
Standby treatment
Starlix
Stelara
Stelazine
Stemetil
Stericlens
Sterile Sodium Citrate Solution for Bladder Irrigation
Steripod Sodium Chloride
Steroid treatment card
Stiemycin
Stilnoct
Stivarga
Strattera
Strefen
Streptase
Streptomycin Sulfate
Striant SR
Stribild
StructoKabiven Electrolyte Free
Structolipid 20%
Stugeron
Subcuvia
Subgam
Sublimaze
Suboxone
Subutex
Sudafed
Sudocrem
Sulpor
Sunsense Ultra
Sunya 20/75
Supralip 160
Suprax
Suprecur
Suprefact
Surgam
Surgical Spirit, BP
Surmontil
Survanta
Sustanon 250
Sustiva
Sutent
Sycrest
Symbicort
Symmetrel
Synacthen
Synacthen Depot
Synagis
Synalar
Synalar 1 in 10 Dilution
Synalar 1 in 4 Dilution
Synalar C
Synalar N
Synarel
Syner-KINASE
Synflorix
Synphase
Syntaris
Synthamin 14
Synthamin 14 EF (electrolyte–free)
Synthamin 17
Synthamin 17 EF (electrolyte–free)
Synthamin 9
Synthamin 9 EF (electrolyte-free)
Syntocinon
Syntometrine
Systane
Systane Ultra
Sytron
T-Safe 380A QuickLoad
T/Gel
Tacni
Taenicides
Tagamet
Tambocor
Tambocor XL
Tamiflu
Tanatril
Tarceva
Targaxan
Targinact
Targocid
Targretin
Tarivid
Tarka
Tasigna
Tasmar
Tavanic
Tavegil
Taxotere
Tazocin
Tear-Lac
Tears Naturale
Tears Naturale Single Dose
Tegretol
Tegretol Prolonged Release
Telfast
Telzir
Temgesic
Temodal
Tenif
Tenoret 50
Tenoretic
Tenormin
Tensaid XL
Tensipine MR
Teoptic
Tepadina
Terra-Cortril
Testim
Testogel
Testosterone
Testosterone Enantate
Tetralysal 300
Tevagrastim
Teveten
Teysuno
Thalidomide Celgene
Thiopental
Thymoglobuline
Thyrogen
TicoVac
Tilade CFC-free Inhaler
Tildiem
Tildiem LA
Tildiem Retard
Timentin
Timodine
Timolol with amiloride and hydrochlorothiazide
Timoptol
Timoptol-LA
Tiopex
Tisept
Tobi
Tobradex
Tobravisc
Toctino
Tolbutamide formulations [unlicensed]
Tomudex
Topal
Topamax
Topical corticosteroid preparation potencies
Topical preparations
Toradol
Torem
Torisel
Tostran
Toviaz
Tracleer
Tracrium
Tractocile
Tracutil
Tradorec XL
Trajenta
Tramacet
Tramquel SR
Trandate
Transiderm-Nitro
Transient ischaemic attack
Transtec
Travasept 100
Travatan
Trazodone
Treatment
Treatment of fungal infections
Trental
Tresiba
Triadene
Triapin
Tridestra
Trigeminal neuralgia
Trihexyphenidyl
Trileptal
Trimovate
TriNovum
Triptafen
TriRegol
Trisenox
Trisequens
Tritace
Trizivir
Trobalt
Trosyl
Trusopt
Truvada
TT 380 Slimline
Tuberculin Purified Protein Derivative
Twinrix
Tygacil
Tylex
Type A Diaphragm with Flat Metal Spring
Type B Diaphragm with Coiled Metal Spring
Type C Arcing Spring Diaphragm
Typherix
Typhim Vi
Tysabri
Tyverb
Ucerax
Ultiva
Ultrabase
Ultralanum Plain
Ultraproct
Unguentum M
Uniphyllin Continus
Uniroid-HC
Unisept
Univer
Unsafe Drug Groups (check first)
Unsafe Drugs (check groups above first)
Urinary tract
Urispas 200
Ursofalk
Ursogal
UT 380 Short
UT 380 Standard
Utinor
Utovlan
Utrogestan
Uvistat
Vagifem
Valcyte
Valdoxan
Valni XL
Valoid
Valsartan with hydrochlorothiazide
Valtrex
Vamin 14
Vamin 14 (Electrolyte-Free)
Vamin 18 (Electrolyte-Free)
Vamin 9 Glucose
Vaminolact
Vancocin
Vaniqa
Vantas
Vaqta Paediatric
Varilrix
Variquel
Varivax
Vascace
Vasran XL
Vectavir
Vectibix
Vedrop
Veil
Velbe
Velcade
Venlafaxine m/r preparations
Venofer
Venous thromboembolism
Ventavis
Ventmax SR
Ventolin
Vepesid
Veracur
Verapamil
Verapamil hydrochloride formulations [unlicensed]
Verapress MR
Vermox
Verrugon
Versatis
Vertab SR 240
Vesanoid
Vesicare
Vexol
Vfend
Viagra
ViATIM
Viazem XL
Vibramycin-D
Victoza
Victrelis
Vidaza
Videne
Videx
Vigam
Vigranon B
Vimovo
Vimpat
Vinblastine
Vincristine
ViraferonPeg
Viramune
Virazole
Viread
Virgan
Viridal Duo
Viroflu
Virormone
Viscotears
Viskaldix
Visken
Vismed
Vismed Gel
Vismed Gel Multi
Vismed Multi
Vistabel
Vistamethasone
Vistide
Visudyne
VitA-POS
Vitamin B Tablets, Compound
Vitamin B Tablets, Compound, Strong
Vitamin E Suspension
Vitamins
Vitamins A and D
Vitlipid N
Vivadex
Vivotif
Volibris
Volplex
Voltarol
Voltarol 75 mg SR
Voltarol Ophtha
Voltarol Ophtha Multidose
Voltarol Rapid
Voltarol Retard
Volumatic
Voractiv
Vortex
Votrient
Votubia
VPRIV
Vyndaqel
Warfarin
Warfarin sodium formulations [unlicensed]
Warticon
Water for Injections
Waxsol
Welldorm
Wellvone
Wilzin
With abacavir
With abacavir and lamivudine
With abacavir and zidovudine
With alendronic acid
With amlodipine
With atenolol
With bimatoprost
With brimonidine
With brinzolomide
With chloroquine
With cobicistat, elvitegravir, and tenofovir
With diclofenac or naproxen
With dipyridamole
With dorzolamide
With efavirenz and tenofovir
With emtricitabine and tenofovir
With ergometrine
With flucloxacillin
With hepatitis A vaccine
With ketoprofen
With latanoprost
With lidocaine
With linagliptin
With local anaesthetic
With lopinavir
With naproxen
With neostigmine metilsulfate
With papaveretum
With paracetamol
With phenylephrine
With pioglitazone
With proguanil hydrochloride
With ramipril
With rilpivirine and tenofovir
With risedronate sodium and calcium
With risedronate sodium and colecalciferol
With saxagliptin
With simvastatin
With sitagliptin
With tamsulosin
With tar
With tenofovir
With thiazides or loop diuretics
With travoprost
With vildagliptin
With vitamin D
With zidovudine
Withdrawal of corticosteroids
Xagrid
Xalacom
Xalatan
Xalkori
Xaluprine
Xatral
Xatral XL
Xeloda
Xenical
Xeomin
Xepin
Xeplion
Xerotin
XGEVA
Xifaxanta
Xolair
Xomolix
Xtandi
Xylocaine
Xylometazoline
Xyloproct
Xyrem
Xyzal
Yasmin
Yellox
Yentreve
Yervoy
Yondelis
Zaditen
Zaltrap
Zamadol
Zamadol 24hr
Zamadol SR
Zanidip
Zantac
Zaponex
Zarontin
Zarzio
Zavedos
Zavesca
ZeaSORB
Zebinix
Zeffix
Zelapar
Zelboraf
Zemon
Zemplar
Zemtard
Zeridame SR
Zerit
ZeroAQS
Zerobase
Zerocream
Zeroguent
Zerolatum
Zerolatum Plus
Zeroneum
Zestoretic
Zestril
Ziagen
Zidoval
Zidovudine and lamivudine
Zimovane
Zinacef
Zinamide
Zinc and Castor Oil Ointment, BP
Zinc and Coal Tar Paste, BP
Zinc and Ichthammol Cream, BP
Zinc and Salicylic Acid Paste, BP
Zinc Paste and Ichthammol Bandage, BP 1993
Zindaclin
Zineryt
Zinforo
Zinnat
Zispin SolTab
Zithromax
Zocor
Zoely
Zofran
Zoladex
Zoladex LA
Zolpidem
Zomacton
Zometa
Zomig
Zomorph
Zonegran
Zorac
Zostavax
Zoton
Zovirax
Zumenon
Zutectra
Zyban
Zyclara
Zydol
Zydol SR
Zydol XL
Zyomet
ZypAdhera
Zyprexa
Zytiga
Zyvox