ABACAVIR
ABCIXIMAB
ABIRATERONE ACETATE
ABRASIVE AGENTS
ACAMPROSATE CALCIUM
ACARBOSE
ACEBUTOLOL
ACECLOFENAC
ACEMETACIN
ACENOCOUMAROL
ACETAZOLAMIDE
ACETYLCHOLINE CHLORIDE
ACETYLCYSTEINE
ACICLOVIR
ACIPIMOX
ACITRETIN
ACLIDINIUM BROMIDE
ACRIVASTINE
ADALIMUMAB
ADAPALENE
ADEFOVIR DIPIVOXIL
ADENOSINE
ADRENALINE/EPINEPHRINE
AFLIBERCEPT
AGALSIDASE ALFA and BETA
AGOMELATINE
ALBUMIN SOLUTION
ALCLOMETASONE DIPROPIONATE
ALCOHOL
ALDESLEUKIN
ALENDRONIC ACID
ALFACALCIDOL
ALFENTANIL
ALFUZOSIN HYDROCHLORIDE
ALGLUCOSIDASE ALFA
ALIMEMAZINE TARTRATE
ALISKIREN
ALITRETINOIN
ALMOTRIPTAN
ALPHA TOCOPHEROL
ALPHA TOCOPHERYL ACETATE
ALPRAZOLAM
ALPROSTADIL
ALTEPLASE
ALUMINIUM ACETATE
ALUMINIUM HYDROXIDE
ALUMINIUM SALTS
ALVERINE CITRATE
AMANTADINE HYDROCHLORIDE
AMBRISENTAN
AMIFOSTINE
AMIKACIN
AMILORIDE HYDROCHLORIDE
AMINOPHYLLINE
AMIODARONE HYDROCHLORIDE
AMISULPRIDE
AMITRIPTYLINE HYDROCHLORIDE
AMLODIPINE
AMOROLFINE
AMOXICILLIN
AMPHOTERICIN
AMPICILLIN
ANAGRELIDE
ANASTROZOLE
ANIDULAFUNGIN
ANTAZOLINE SULFATE
ANTHRAX VACCINE
ANTI-D (Rh0) IMMUNOGLOBULIN
ANTIBACTERIALS
ANTITHYMOCYTE IMMUNOGLOBULIN (RABBIT)
APOMORPHINE HYDROCHLORIDE
APRACLONIDINE
APREPITANT
ARACHIS OIL
ARGATROBAN MONOHYDRATE
ARIPIPRAZOLE
ARSENIC TRIOXIDE
ARTEMETHER WITH LUMEFANTRINE
ARTICAINE HYDROCHLORIDE WITH ADRENALINE
ASCORBIC ACID
ASENAPINE
ASPIRIN
ASPIRIN (antiplatelet)
ATAZANAVIR
ATENOLOL
ATOMOXETINE
ATORVASTATIN
ATOSIBAN
ATOVAQUONE
ATRACURIUM BESILATE
ATROPINE SULFATE
AXITINIB
AZACITIDINE
AZATHIOPRINE
AZELAIC ACID
AZELASTINE HYDROCHLORIDE
AZILSARTAN MEDOXOMIL
AZITHROMYCIN
AZITHROMYCIN DIHYDRATE
AZTREONAM
BACILLUS CALMETTE-GUÉRIN
BACILLUS CALMETTE-GUÉRIN VACCINE
BALSALAZIDE SODIUM
BAMBUTEROL HYDROCHLORIDE
BASILIXIMAB
BCG bladder instillation
BCG vaccines
BECLOMETASONE DIPROPIONATE
BEE AND WASP ALLERGEN EXTRACTS
BELATACEPT
BENDAMUSTINE HYDROCHLORIDE
BENDROFLUMETHIAZIDE
BENPERIDOL
BENZOIC ACID
BENZOYL PEROXIDE
BENZYDAMINE HYDROCHLORIDE
BENZYL BENZOATE
BENZYLPENICILLIN SODIUM
BERACTANT
BETAHISTINE DIHYDROCHLORIDE
BETAINE
BETAMETHASONE
BETAMETHASONE ESTERS
BETAMETHASONE SODIUM PHOSPHATE
BETAXOLOL
BETHANECHOL CHLORIDE
BEVACIZUMAB
BEXAROTENE
BEZAFIBRATE
BICALUTAMIDE
BILASTINE
BIMATOPROST
BIPHASIC INSULIN ASPART
BIPHASIC INSULIN LISPRO
BIPHASIC ISOPHANE INSULIN
BISACODYL
BISOPROLOL FUMARATE
BIVALIRUDIN
BLEOMYCIN
BOCEPREVIR
BORTEZOMIB
BOSENTAN
BOSUTINIB
BOTULINUM TOXIN TYPE A
BOTULINUM TOXIN TYPE B
BRENTUXIMAB VEDOTIN
BRIMONIDINE TARTRATE
BRINZOLAMIDE
BROMFENAC
BROMOCRIPTINE
BUDESONIDE
BUMETANIDE
BUPIVACAINE HYDROCHLORIDE
BUPRENORPHINE
BUPRENORPHINE WITH NALOXONE
BUPROPION HYDROCHLORIDE
BUSERELIN
BUSPIRONE HYDROCHLORIDE
BUSULFAN
CABAZITAXEL
CABERGOLINE
CALAMINE
CALCIPOTRIOL
CALCITONIN (SALMON)/SALCATONIN
CALCITRIOL
CALCIUM SALTS
CANAKINUMAB
CANDESARTAN CILEXETIL
CAPECITABINE
CAPREOMYCIN
CAPTOPRIL
CARBAMAZEPINE
CARBETOCIN
CARBIMAZOLE
CARBOCISTEINE
CARBOMERS
CARBOPLATIN
CARBOPROST
CARGLUMIC ACID
CARMELLOSE SODIUM
CARMUSTINE
CARNITINE
CARTEOLOL HYDROCHLORIDE
CARVEDILOL
CASPOFUNGIN
CATHETER PATENCY SOLUTIONS
CATUMAXOMAB
CEFACLOR
CEFADROXIL
CEFALEXIN
CEFIXIME
CEFOTAXIME
CEFRADINE
CEFTAROLINE FOSAMIL
CEFTAZIDIME
CEFTRIAXONE
CEFUROXIME
CELECOXIB
CELIPROLOL HYDROCHLORIDE
CETIRIZINE HYDROCHLORIDE
CETRIMIDE
CETRORELIX
CETUXIMAB
CHLORAL HYDRATE
CHLORAMBUCIL
CHLORAMPHENICOL
CHLORDIAZEPOXIDE HYDROCHLORIDE
CHLORHEXIDINE
CHLORHEXIDINE GLUCONATE
CHLOROPROCAINE HYDROCHLORIDE
CHLOROQUINE
CHLORPHENAMINE MALEATE
CHLORPROMAZINE HYDROCHLORIDE
CHLORTALIDONE
CHOLERA VACCINE
CHORIOGONADOTROPIN ALFA
CHORIONIC GONADOTROPHIN
CICLESONIDE
CICLOSPORIN
CIDOFOVIR
CILAZAPRIL
CILOSTAZOL
CIMETIDINE
CINACALCET
CINNARIZINE
CIPROFIBRATE
CIPROFLOXACIN
CISATRACURIUM
CISPLATIN
CITALOPRAM
CLADRIBINE
CLARITHROMYCIN
CLEMASTINE
CLINDAMYCIN
CLIOQUINOL
CLOBAZAM
CLOBETASOL PROPIONATE
CLOBETASONE BUTYRATE
CLOFARABINE
CLOFAZIMINE
CLOMETHIAZOLE
CLOMIFENE CITRATE
CLOMIPRAMINE HYDROCHLORIDE
CLONAZEPAM
CLONIDINE HYDROCHLORIDE
CLOPIDOGREL
CLOTRIMAZOLE
CLOZAPINE
CO-AMILOFRUSE
CO-AMILOZIDE
CO-AMOXICLAV
CO-BENELDOPA
CO-CARELDOPA
CO-CODAMOL
CO-CYPRINDIOL
CO-DYDRAMOL
CO-FLUAMPICIL
CO-PHENOTROPE
CO-TENIDONE
CO-TRIMOXAZOLE
CODEINE PHOSPHATE
COLECALCIFEROL
COLESEVELAM HYDROCHLORIDE
COLESTIPOL HYDROCHLORIDE
COLESTYRAMINE
COLISTIMETHATE SODIUM
COMBINED HORMONAL CONTRACEPTIVES
CONESTAT ALFA
CORIFOLLITROPIN ALFA
CORTICOSTEROIDS
CRISANTASPASE
CRIZOTINIB
CROTAMITON
CYANOCOBALAMIN
CYCLIZINE
CYCLOPENTHIAZIDE
CYCLOPENTOLATE HYDROCHLORIDE
CYCLOPHOSPHAMIDE
CYCLOSERINE
CYPROHEPTADINE HYDROCHLORIDE
CYPROTERONE ACETATE
CYTARABINE
DACARBAZINE
DACTINOMYCIN
DALTEPARIN SODIUM
DANAPAROID SODIUM
DANAZOL
DANTROLENE SODIUM
DANTRON
DAPAGLIFLOZIN
DAPOXETINE
DAPSONE
DAPTOMYCIN
DARBEPOETIN ALFA
DARIFENACIN
DARUNAVIR
DASATINIB
DAUNORUBICIN
DECITABINE
DEFERASIROX
DEFERIPRONE
DEFLAZACORT
DEGARELIX
DEMECLOCYCLINE HYDROCHLORIDE
DENOSUMAB
DESFERRIOXAMINE MESILATE
DESFLURANE
DESLORATADINE
DESMOPRESSIN
DEXAMETHASONE
DEXAMFETAMINE SULFATE
DEXIBUPROFEN
DEXKETOPROFEN
DEXMEDETOMIDINE
DEXRAZOXANE
DEXTRAN 70
DIAMORPHINE HYDROCHLORIDE
DIAZEPAM
DIAZOXIDE
DICLOFENAC POTASSIUM
DICLOFENAC SODIUM
DICYCLOVERINE HYDROCHLORIDE
DIDANOSINE
DIETHYLSTILBESTROL
DIFLUCORTOLONE VALERATE
DIGOXIN
DIHYDROCODEINE TARTRATE
DIHYDROTACHYSTEROL
DILOXANIDE FUROATE
DILTIAZEM HYDROCHLORIDE
DIMETICONE
DINOPROSTONE
DIPHTHERIA-CONTAINING VACCINES
DIPIPANONE HYDROCHLORIDE
DIPYRIDAMOLE
DISOPYRAMIDE
DISULFIRAM
DITHRANOL
DOBUTAMINE
DOCETAXEL
DOCUSATE SODIUM
DOMPERIDONE
DONEPEZIL HYDROCHLORIDE
DOPAMINE HYDROCHLORIDE
DOPEXAMINE HYDROCHLORIDE
DORIPENEM
DORNASE ALFA
DORZOLAMIDE
DOSULEPIN HYDROCHLORIDE
DOXAPRAM HYDROCHLORIDE
DOXAZOSIN
DOXEPIN
DOXEPIN HYDROCHLORIDE
DOXORUBICIN HYDROCHLORIDE
DOXYCYCLINE
DRIED PROTHROMBIN COMPLEX
DRONEDARONE
DROPERIDOL
DULOXETINE
DUTASTERIDE
DYDROGESTERONE
ECONAZOLE NITRATE
ECULIZUMAB
EDROPHONIUM CHLORIDE
EFAVIRENZ
EFLORNITHINE
ELETRIPTAN
ELTROMBOPAG
EMEDASTINE
EMTRICITABINE
ENALAPRIL MALEATE
ENFUVIRTIDE
ENOXAPARIN SODIUM
ENOXIMONE
ENTACAPONE
ENTECAVIR
ENZALUTAMIDE
EPHEDRINE HYDROCHLORIDE
EPINASTINE HYDROCHLORIDE
EPIRUBICIN HYDROCHLORIDE
EPLERENONE
EPOETIN ALFA, BETA, THETA, and ZETA
EPOPROSTENOL
EPROSARTAN
EPTIFIBATIDE
ERDOSTEINE
ERGOCALCIFEROL
ERGOMETRINE MALEATE
ERGOTAMINE TARTRATE
ERIBULIN
ERLOTINIB
ERTAPENEM
ERYTHROMYCIN
ESCITALOPRAM
ESLICARBAZEPINE ACETATE
ESMOLOL HYDROCHLORIDE
ESOMEPRAZOLE
ESTRAMUSTINE PHOSPHATE
ETAMSYLATE
ETANERCEPT
ETHAMBUTOL HYDROCHLORIDE
ETHANOLAMINE OLEATE
ETHERIFIED STARCH
ETHINYLESTRADIOL
ETHOSUXIMIDE
ETIDRONATE DISODIUM
ETODOLAC
ETOMIDATE
ETOPOSIDE
ETORICOXIB
ETRAVIRINE
EVEROLIMUS
EXEMESTANE
EXENATIDE
EZETIMIBE
FACTOR IX FRACTION, DRIED
FACTOR VIIa (RECOMBINANT)
FACTOR VIII FRACTION, DRIED
FACTOR VIII INHIBITOR BYPASSING FRACTION
FACTOR XIII FRACTION, DRIED
FAMCICLOVIR
FAMOTIDINE
FELODIPINE
FENOFIBRATE
FENOPROFEN
FENTANYL
FERRIC CARBOXYMALTOSE
FERROUS FUMARATE
FERROUS GLUCONATE
FERROUS SULFATE
FERROUS SULFATE WITH ASCORBIC ACID
FERUMOXYTOL
FESOTERODINE FUMARATE
FEXOFENADINE HYDROCHLORIDE
FIBRINOGEN, DRIED
FIDAXOMICIN
FILGRASTIM
FINASTERIDE
FINGOLIMOD
FLAVOXATE HYDROCHLORIDE
FLECAINIDE ACETATE
FLUCLOXACILLIN
FLUCONAZOLE
FLUCYTOSINE
FLUDARABINE PHOSPHATE
FLUDROCORTISONE ACETATE
FLUDROXYCORTIDE
FLUMAZENIL
FLUMETASONE PIVALATE
FLUNISOLIDE
FLUOCINOLONE ACETONIDE
FLUOCINONIDE
FLUOCORTOLONE
FLUORESCEIN SODIUM
FLUORIDES
FLUOROMETHOLONE
FLUOROURACIL
FLUOXETINE
FLUPENTIXOL
FLUPENTIXOL DECANOATE
FLUPHENAZINE DECANOATE
FLURAZEPAM
FLURBIPROFEN
FLURBIPROFEN SODIUM
FLUTAMIDE
FLUTICASONE PROPIONATE
FLUVASTATIN
FLUVOXAMINE MALEATE
FOLIC ACID
FOLINIC ACID
FOLLITROPIN ALFA and BETA
FONDAPARINUX SODIUM
FORMALDEHYDE
FORMOTEROL FUMARATE
FOSAMPRENAVIR
FOSAPREPITANT
FOSCARNET SODIUM
FOSINOPRIL SODIUM
FOSPHENYTOIN SODIUM
FRAMYCETIN SULFATE
FRESH FROZEN PLASMA
FROVATRIPTAN
FULVESTRANT
FUROSEMIDE
FUSIDIC ACID
GABAPENTIN
GALANTAMINE
GALSULFASE
GANCICLOVIR
GANIRELIX
GEFITINIB
GELATIN
GEMCITABINE
GEMEPROST
GEMFIBROZIL
GENTAMICIN
GLATIRAMER ACETATE
GLIBENCLAMIDE
GLICLAZIDE
GLIMEPIRIDE
GLIPIZIDE
GLUCAGON
GLUCOSE
GLUTARALDEHYDE
GLYCEROL
GLYCERYL TRINITRATE
GLYCINE
GLYCOPYRRONIUM
GLYCOPYRRONIUM BROMIDE
GOLIMUMAB
GONADORELIN
GOSERELIN
GRANISETRON
GRASS AND TREE POLLEN EXTRACTS
GRISEOFULVIN
GTN 300 mcg
GUANETHIDINE MONOSULFATE
HAEM ARGINATE
HAEMOPHILUS TYPE B CONJUGATE VACCINE
HALOPERIDOL
HEPARIN
HEPATITIS A VACCINE
HEPATITIS B IMMUNOGLOBULIN
HEPATITIS B VACCINE
HEXETIDINE
HISTAMINE DIHYDROCHLORIDE
HISTRELIN
HOMATROPINE HYDROBROMIDE
HUMAN MENOPAUSAL GONADOTROPHINS
HUMAN PAPILLOMAVIRUS VACCINES
HYDRALAZINE HYDROCHLORIDE
HYDROCORTISONE
HYDROCORTISONE BUTYRATE
HYDROGEN PEROXIDE
HYDROMORPHONE HYDROCHLORIDE
HYDROTALCITE
HYDROXOCOBALAMIN
HYDROXYCARBAMIDE
HYDROXYETHYLCELLULOSE
HYDROXYZINE HYDROCHLORIDE
HYOSCINE BUTYLBROMIDE
HYOSCINE HYDROBROMIDE
HYPROMELLOSE
IBANDRONIC ACID
IBUPROFEN
ICATIBANT
ICHTHAMMOL
IDARUBICIN HYDROCHLORIDE
IDURSULFASE
IFOSFAMIDE
ILOPROST
IMATINIB
IMIDAPRIL HYDROCHLORIDE
IMIGLUCERASE
IMIPENEM WITH CILASTATIN
IMIPRAMINE HYDROCHLORIDE
IMIQUIMOD
INDACATEROL
INDAPAMIDE
INDINAVIR
INDOMETACIN
INDORAMIN
INFLIXIMAB
INFLUENZA VACCINES
INGENOL MEBUTATE
INOSINE PRANOBEX
INOSITOL NICOTINATE
INSULIN
INSULIN ASPART
INSULIN DEGLUDEC
INSULIN DETEMIR
INSULIN GLARGINE
INSULIN GLULISINE
INSULIN LISPRO
INSULIN ZINC SUSPENSION
INTERFERON ALFA
INTERFERON BETA
INTERFERON GAMMA-1b
INTRA-UTERINE CONTRACEPTIVE DEVICES
INTRA-UTERINE PROGESTOGEN-ONLY SYSTEM
IODINE AND IODIDE
IPILIMUMAB
IPRATROPIUM BROMIDE
IRBESARTAN
IRINOTECAN HYDROCHLORIDE
IRON DEXTRAN
IRON ISOMALTOSIDE 1000
IRON SUCROSE
ISOCARBOXAZID
ISOFLURANE
ISONIAZID
ISOPHANE INSULIN
ISOSORBIDE DINITRATE
ISOSORBIDE MONONITRATE
ISOTRETINOIN
ISPAGHULA HUSK
ISRADIPINE
ITRACONAZOLE
IVABRADINE
IVACAFTOR
JAPANESE ENCEPHALITIS VACCINE
KAOLIN, LIGHT
KETAMINE
KETOCONAZOLE
KETOPROFEN
KETOROLAC TROMETAMOL
KETOTIFEN
LABETALOL HYDROCHLORIDE
LACIDIPINE
LACOSAMIDE
LACTULOSE
LAMIVUDINE
LAMOTRIGINE
LANREOTIDE
LANSOPRAZOLE
LANTHANUM
LAPATINIB
LARONIDASE
LATANOPROST
LATANOPROST WITH TIMOLOL
LENALIDOMIDE
LENOGRASTIM
LERCANIDIPINE HYDROCHLORIDE
LETROZOLE
LEUPRORELIN ACETATE
LEVETIRACETAM
LEVOBUNOLOL HYDROCHLORIDE
LEVOBUPIVACAINE
LEVOCETIRIZINE HYDROCHLORIDE
LEVOFLOXACIN
LEVOFOLINIC ACID
LEVOMENTHOL
LEVOMEPROMAZINE
LEVONORGESTREL
LEVOTHYROXINE SODIUM
LIDOCAINE HYDROCHLORIDE
LINACLOTIDE
LINAGLIPTIN
LINEZOLID
LIOTHYRONINE SODIUM
LIQUID PARAFFIN
LIRAGLUTIDE
LISDEXAMFETAMINE MESILATE
LISINOPRIL
LITHIUM CARBONATE
LITHIUM CITRATE
LIXISENATIDE
LOCAL ANAESTHETICS
LODOXAMIDE
LOFEPRAMINE
LOFEXIDINE HYDROCHLORIDE
LOMUSTINE
LOPERAMIDE HYDROCHLORIDE
LOPINAVIR WITH RITONAVIR
LOPRAZOLAM
LORATADINE
LORAZEPAM
LORMETAZEPAM
LOSARTAN POTASSIUM
LOTEPREDNOL ETABONATE
LUBIPROSTONE
LUTROPIN ALFA
LYMECYCLINE
MACROGOLS
MAGNESIUM CARBONATE
MAGNESIUM CITRATE
MAGNESIUM SALTS
MAGNESIUM SULFATE
MAGNESIUM TRISILICATE
MALATHION
MANNITOL
MARAVIROC
MEASLES, MUMPS AND RUBELLA VACCINE, LIVE
MEBENDAZOLE
MEBEVERINE HYDROCHLORIDE
MECASERMIN
MEDROXYPROGESTERONE ACETATE
MEFENAMIC ACID
MEFLOQUINE
MEGESTROL ACETATE
MELATONIN
MELOXICAM
MELPHALAN
MEMANTINE HYDROCHLORIDE
MENADIOL SODIUM PHOSPHATE
MENINGOCOCCAL VACCINES
MEPACRINE HYDROCHLORIDE
MEPIVACAINE HYDROCHLORIDE
MEPROBAMATE
MEPTAZINOL
MERCAPTAMINE
MERCAPTOPURINE
MEROPENEM
MESALAZINE
MESNA
MESTEROLONE
METARAMINOL
METFORMIN HYDROCHLORIDE
METHADONE HYDROCHLORIDE
METHENAMINE HIPPURATE
METHOTREXATE
METHOXY POLYETHYLENE GLYCOL-EPOETIN BETA
METHYLCELLULOSE
METHYLDOPA
METHYLNALTREXONE BROMIDE
METHYLPHENIDATE HYDROCHLORIDE
METHYLPREDNISOLONE
METOCLOPRAMIDE HYDROCHLORIDE
METOLAZONE
METOPROLOL TARTRATE
METRONIDAZOLE
METYRAPONE
MIANSERIN HYDROCHLORIDE
MICAFUNGIN
MICONAZOLE
MICONAZOLE NITRATE
MIDAZOLAM
MIFAMURTIDE
MIFEPRISTONE
MIGLUSTAT
MILRINONE
MINOCYCLINE
MINOXIDIL
MIRABEGRON
MIRTAZAPINE
MISOPROSTOL
MITOMYCIN
MITOTANE
MITOXANTRONE
MIVACURIUM
MIZOLASTINE
MOCLOBEMIDE
MODAFINIL
MOEXIPRIL HYDROCHLORIDE
MOMETASONE FUROATE
MONTELUKAST
MORPHINE
MORPHINE HYDROCHLORIDE
MORPHINE SALTS
MOXIFLOXACIN
MOXISYLYTE
MOXONIDINE
MUPIROCIN
MYCOPHENOLATE MOFETIL
NABILONE
NABUMETONE
NADOLOL
NAFARELIN
NAFTIDROFURYL OXALATE
NALIDIXIC ACID
NALMEFENE
NALOXONE HYDROCHLORIDE
NALTREXONE HYDROCHLORIDE
NANDROLONE
NAPROXEN
NARATRIPTAN
NATALIZUMAB
NATEGLINIDE
NEBIVOLOL
NEDOCROMIL SODIUM
NEFOPAM HYDROCHLORIDE
NELARABINE
NEOMYCIN SULFATE
NEOSTIGMINE METILSULFATE
NEOSTIGMINE WITH GLYCOPYRRONIUM BROMIDE
NEPAFENAC
NEVIRAPINE
NICARDIPINE HYDROCHLORIDE
NICORANDIL
NICOTINAMIDE
NICOTINE
NICOTINIC ACID
NIFEDIPINE
NILOTINIB
NIMODIPINE
NITISINONE
NITRAZEPAM
NITROFURANTOIN
NITROUS OXIDE
NIZATIDINE
NORADRENALINE/NOREPINEPHRINE
NORETHISTERONE
NORFLOXACIN
NORMAL IMMUNOGLOBULIN
NORTRIPTYLINE
Null
NYSTATIN
OCRIPLASMIN
OCTREOTIDE
OESTROGENS FOR HRT
OESTROGENS, TOPICAL
OFATUMUMAB
OFLOXACIN
OLANZAPINE
OLANZAPINE EMBONATE
OLMESARTAN MEDOXOMIL
OLOPATADINE
OLSALAZINE SODIUM
OMALIZUMAB
OMEGA-3-ACID ETHYL ESTERS
OMEGA-3-MARINE TRIGLYCERIDES
OMEPRAZOLE
ONDANSETRON
ORAL PROGESTOGEN-ONLY CONTRACEPTIVES
ORAL REHYDRATION SALTS (ORS)
ORLISTAT
ORPHENADRINE HYDROCHLORIDE
OSELTAMIVIR
OXALIPLATIN
OXAZEPAM
OXCARBAZEPINE
OXPRENOLOL HYDROCHLORIDE
OXYBUPROCAINE HYDROCHLORIDE
OXYBUTYNIN HYDROCHLORIDE
OXYCODONE HYDROCHLORIDE
OXYCODONE WITH NALOXONE
OXYTETRACYCLINE
OXYTOCIN
PACLITAXEL
PALIFERMIN
PALIPERIDONE
PALIVIZUMAB
PALONOSETRON
PAMIDRONATE DISODIUM
PANCREATIN
PANCURONIUM BROMIDE
PANITUMUMAB
PANTOPRAZOLE
PAPAVERETUM
PARACETAMOL
PARAFFIN, YELLOW, SOFT
PARATHYROID HORMONE
PARECOXIB
PARENTERAL PROGESTOGEN-ONLY CONTRACEPTIVES
PARICALCITOL
PAROXETINE
PASIREOTIDE
PAZOPANIB
PEGAPTANIB SODIUM
PEGFILGRASTIM
PEGINTERFERON ALFA
PEGVISOMANT
PEMETREXED
PENCICLOVIR
PENICILLAMINE
PENTAMIDINE ISETIONATE
PENTAZOCINE
PENTOSTATIN
PENTOXIFYLLINE
PEPPERMINT OIL
PERAMPANEL
PERGOLIDE
PERICYAZINE
PERINDOPRIL ARGININE
PERINDOPRIL ERBUMINE
PERMETHRIN
PERPHENAZINE
PERTUZUMAB
PETHIDINE HYDROCHLORIDE
PHENELZINE
PHENINDIONE
PHENOBARBITAL
PHENOBARBITAL SODIUM
PHENOL
PHENOXYBENZAMINE HYDROCHLORIDE
PHENOXYMETHYLPENICILLIN
PHENTOLAMINE MESILATE
PHENYLEPHRINE HYDROCHLORIDE
PHENYTOIN
PHENYTOIN SODIUM
PHOLCODINE
PHOSPHATES (ORAL)
PHOSPHATES (RECTAL)
PHYTOMENADIONE
PILOCARPINE
PILOCARPINE HYDROCHLORIDE
PIMECROLIMUS
PIMOZIDE
PINDOLOL
PIOGLITAZONE
PIPERACILLIN WITH TAZOBACTAM
PIPERAQUINE PHOSPHATE WITH ARTENIMOL
PIPOTIAZINE PALMITATE
PIRACETAM
PIRFENIDONE
PIROXICAM
PIVMECILLINAM HYDROCHLORIDE
PIXANTRONE
PIZOTIFEN
PLERIXAFOR
PNEUMOCOCCAL VACCINE
PODOPHYLLOTOXIN
POLIOMYELITIS VACCINES
POLYMYXINS
POLYSACCHARIDE–IRON COMPLEX
POLYSTYRENE SULFONATE RESINS
POLYVINYL ALCOHOL
POMALIDOMIDE
PONATINIB
PORACTANT ALFA
PORFIMER SODIUM
POSACONAZOLE
POTASSIUM BICARBONATE
POTASSIUM CHLORIDE
POTASSIUM CITRATE
POTASSIUM PERMANGANATE
POVIDONE–IODINE
PRAMIPEXOLE
PRASUGREL
PRAVASTATIN SODIUM
PRAZOSIN
PREDNISOLONE
PREDNISOLONE SODIUM PHOSPHATE
PREDNISONE
PREGABALIN
PREPARATIONS FOR OTHER VAGINAL INFECTIONS
PREPARATIONS FOR VAGINAL AND VULVAL CANDIDIASIS
PRILOCAINE HYDROCHLORIDE
PRIMAQUINE
PRIMIDONE
PROCARBAZINE
PROCHLORPERAZINE
PROCYCLIDINE HYDROCHLORIDE
PROGESTERONE
PROGUANIL HYDROCHLORIDE
PROGUANIL HYDROCHLORIDE WITH ATOVAQUONE
PROMAZINE HYDROCHLORIDE
PROMETHAZINE HYDROCHLORIDE
PROMETHAZINE TEOCLATE
PROPAFENONE HYDROCHLORIDE
PROPAMIDINE ISETIONATE
PROPANTHELINE BROMIDE
PROPIVERINE HYDROCHLORIDE
PROPOFOL
PROPRANOLOL HYDROCHLORIDE
PROPYLTHIOURACIL
PROTAMINE SULFATE
PROTAMINE ZINC INSULIN
PROTEIN C CONCENTRATE
PROXYMETACAINE HYDROCHLORIDE
PRUCALOPRIDE
PSEUDOEPHEDRINE HYDROCHLORIDE
PYRAZINAMIDE
PYRIDOXINE HYDROCHLORIDE
PYRIMETHAMINE
PYRIMETHAMINE WITH SULFADOXINE
QUETIAPINE
QUINAGOLIDE
QUINAPRIL
QUININE
RABEPRAZOLE SODIUM
RABIES IMMUNOGLOBULIN
RABIES VACCINE
RACECADOTRIL
RALOXIFENE HYDROCHLORIDE
RALTEGRAVIR
RALTITREXED
RAMIPRIL
RAMIPRIL WITH FELODIPINE
RANIBIZUMAB
RANITIDINE
RANOLAZINE
RASAGILINE
REBOXETINE
REGORAFENIB
REMIFENTANIL
REPAGLINIDE
RETAPAMULIN
RETEPLASE
RETIGABINE
RIBAVIRIN
RIBOFLAVIN
RIFABUTIN
RIFAMPICIN
RIFAMPICIN WITH ISONIAZID
RIFAXIMIN
RILPIVIRINE
RILUZOLE
RIMEXOLONE
RISEDRONATE SODIUM
RISPERIDONE
RITONAVIR
RITUXIMAB
RIVASTIGMINE
RIZATRIPTAN
ROCURONIUM BROMIDE
ROFLUMILAST
ROMIPLOSTIM
ROPINIROLE
ROPIVACAINE HYDROCHLORIDE
ROSUVASTATIN
ROTAVIRUS VACCINE
ROTIGOTINE
RUFINAMIDE
RUPATADINE
RUXOLITINIB
SALBUTAMOL
SALICYLATES
SALICYLIC ACID
SALMETEROL
SAPROPTERIN DIHYDROCHLORIDE
SAQUINAVIR
SAXAGLIPTIN
SELEGILINE HYDROCHLORIDE
SELENIUM
SENNA
SERTRALINE
SEVELAMER CARBONATE
SEVELAMER HYDROCHLORIDE
SEVOFLURANE
SILDENAFIL
SILVER NITRATE
SILVER SULFADIAZINE
SIMVASTATIN
SIROLIMUS
SITAGLIPTIN
SITAGLIPTIN WITH METFORMIN
SODIUM BICARBONATE
SODIUM CHLORIDE
SODIUM CITRATE
SODIUM CITRATE (RECTAL)
SODIUM CLODRONATE
SODIUM CROMOGLICATE
SODIUM FEREDETATE
SODIUM FUSIDATE
SODIUM HYALURONATE
SODIUM LACTATE
SODIUM NITROPRUSSIDE
SODIUM OXYBATE
SODIUM PHENYLBUTYRATE
SODIUM PICOSULFATE
SODIUM PICOSULFATE WITH MAGNESIUM CITRATE
SODIUM STIBOGLUCONATE
SODIUM TETRADECYL SULFATE
SODIUM VALPROATE
SOLIFENACIN SUCCINATE
SOMATROPIN
SORAFENIB
SOTALOL HYDROCHLORIDE
SOYBEAN OIL
SPIRONOLACTONE
SST
STAVUDINE
STERCULIA
STREPTOKINASE
STREPTOMYCIN
STRONTIUM RANELATE
SUCRALFATE
SUGAMMADEX
SULFADIAZINE
SULFASALAZINE
SULINDAC
SULPIRIDE
SUMATRIPTAN
SUNITINIB
SUXAMETHONIUM CHLORIDE
TACALCITOL
TACROLIMUS
TADALAFIL
TAFAMIDIS
TAFLUPROST
TAMOXIFEN
TAMSULOSIN HYDROCHLORIDE
TAPENTADOL
TARS
TAZAROTENE
TEGAFUR WITH GIMERACIL AND OTERACIL
TEICOPLANIN
TELAPREVIR
TELBIVUDINE
TELITHROMYCIN
TELMISARTAN
TEMAZEPAM
TEMOCILLIN
TEMOPORFIN
TEMOZOLOMIDE
TEMSIROLIMUS
TENECTEPLASE
TENOFOVIR DISOPROXIL
TENOXICAM
TERAZOSIN
TERBINAFINE
TERBUTALINE SULFATE
TERIPARATIDE
TERLIPRESSIN ACETATE
TESTOSTERONE AND ESTERS
TETANUS IMMUNOGLOBULIN
TETRABENAZINE
TETRACAINE
TETRACAINE HYDROCHLORIDE
TETRACOSACTIDE
TETRACYCLINE
THALIDOMIDE
THEOPHYLLINE
THIAMINE
THIOPENTAL SODIUM
THIOTEPA
THYROTROPIN ALFA
TIAGABINE
TIAPROFENIC ACID
TIBOLONE
TICAGRELOR
TICARCILLIN WITH CLAVULANIC ACID
TICK-BORNE ENCEPHALITIS VACCINE, INACTIVATED
TIGECYCLINE
TIMOLOL
TIMOLOL MALEATE
TINIDAZOLE
TINZAPARIN SODIUM
TIOCONAZOLE
TIOGUANINE
TIOTROPIUM
TIPRANAVIR
TIROFIBAN
TOBRAMYCIN
TOLBUTAMIDE
TOLCAPONE
TOLFENAMIC ACID
TOLTERODINE TARTRATE
TOLVAPTAN
TOPICAL ANTIHISTAMINES
TOPICAL LOCAL ANAESTHETICS
TOPIRAMATE
TOPOTECAN
TORASEMIDE
TOREMIFENE
TRABECTEDIN
TRAMADOL HYDROCHLORIDE
TRANDOLAPRIL
TRANEXAMIC ACID
TRANYLCYPROMINE
TRASTUZUMAB
TRAVOPROST
TRAZODONE HYDROCHLORIDE
TREOSULFAN
TRETINOIN
TRIAMCINOLONE
TRIAMCINOLONE ACETONIDE
TRIAMTERENE
TRIAMTERENE WITH FUROSEMIDE
TRIENTINE DIHYDROCHLORIDE
TRIFLUOPERAZINE
TRIHEXYPHENIDYL HYDROCHLORIDE
TRIMETHOPRIM
TRIMIPRAMINE
TRIPOTASSIUM DICITRATOBISMUTHATE
TRIPTORELIN
TROPICAMIDE
TROSPIUM CHLORIDE
TT 380® Slimline
TYPHOID VACCINE
UK formulations
ULIPRISTAL ACETATE
UNDECENOATES
UROKINASE
URSODEOXYCHOLIC ACID
USTEKINUMAB
VALACICLOVIR
VALGANCICLOVIR
VALPROIC ACID
VALSARTAN
VANCOMYCIN
VANDETANIB
VARDENAFIL
VARENICLINE
VARICELLA-ZOSTER VACCINE
VARICELLA–ZOSTER IMMUNOGLOBULIN
VASOPRESSIN
VECURONIUM BROMIDE
VELAGLUCERASE ALFA
VEMURAFENIB
VENLAFAXINE
VERAPAMIL HYDROCHLORIDE
VERTEPORFIN
VIGABATRIN
VILDAGLIPTIN
VILDAGLIPTIN WITH METFORMIN
VINBLASTINE SULFATE
VINCRISTINE SULFATE
VINDESINE SULFATE
VINFLUNINE
VINORELBINE
VISMODEGIB
VITAMIN A
VORICONAZOLE
WARFARIN SODIUM
WHO formulation
XIPAMIDE
XYLOMETAZOLINE HYDROCHLORIDE
YELLOW FEVER VACCINE, LIVE
ZAFIRLUKAST
ZALEPLON
ZANAMIVIR
ZIDOVUDINE
ZINC ACETATE
ZINC SULFATE
ZOLEDRONIC ACID
ZOLMITRIPTAN
ZOLPIDEM TARTRATE
ZONISAMIDE
ZOPICLONE
ZUCLOPENTHIXOL
ZUCLOPENTHIXOL ACETATE
ZUCLOPENTHIXOL DECANOATE