5-Methoxypsoralen
Abatacept
Acacia
Acamprosate
Acetarsol
Acetic acid
Acetone
Acetozolamide
Acetylated wool alcohols
Acetylcholine
Acetyl-L-carnitine
Activated charcoal
Acuphase
Adcal D3 T
Adefovir
Ademetionine
Adrenaline
Agalsidase alfa
Agalsidase beta
Air gas
Albendazole
Albumin human
Alclometasone
Aldioxa
Alemtuzumab
Alexitol
Alfuzosin
Allantoin
Allopurinol
Aloes
Aloin
Aloperidin
Alum
Aluminium chloride
Aluminium oxide
Aluminium sulphate
Alverine
Amaranth
Amfebutamone
Amfetamine
Amifampridine
Aminoacridine
Aminoglutethimide
Aminosalicylic acid
Ammonia
Ammonium acetate
Ammonium bicarbonate
Ammonium bromide
Ammonium chloride
Ammonium sulphate
Amobarbital
Amoxapine
Amphotericin B
Amphotericin B (lipid formulation)
Amprenavir
Amsacrine
Amyl nitrite
Amylmetacresol
Anakinra
Androstanolone
Anise oil
Antabus
Antazoline
Anti-D immunoglobulin
Antimony
Antithrombin alfa
Antithymocyte immunoglobulin (equine)
Apple mistletoe
Aprotinin
Arginine
Arsenic
Artemether
Ash mistletoe
Ativan
Atrovastatin
Auranofin
Aviptadil
Azapropazone
Azatadine
Azelastine
B vaccine
Bacillus Calmette-Guerin
Bacitracin
Baclofen
Balsalazide
Bambuterol
Barium
Becaplermin
Bee venom
Beeswax
Belladonna
Belladonna alkaloids
Bemiparin
Bendamustine
Benorilate
Benthiazide
Benzalkonium
Benzathine benzylpenicillin
Benzatropine
Benzbromarone
Benzocaine
Benzydamine
Benzyl alcohol
Benzylpenicillin
Betacarotene
Betahistine
Bethanechol
Bifidobacterium
Bifonazole
Bioperidolo
Biotin
Biperiden
Bismuth
Bismuth subcarbonate
Bismuth subgallate
Bismuth subnitrate
Bismuth subsalicylate
Bisoprolol
Black currant
Black widow spider venom antiserum
Borax
Boric acid
Boron
Botulinum A toxin
Botulinum antitoxin
Botulinum B toxin
Bretylium
Brilliant green
Brimonidine
Bromazepam
Brompheniramine
Brotopon
Bupropion
Buspar
Buspirone
Butobarbital
C
C vaccine
C1-esterase inhibitor
Cade oil
Cadexomer-iodine
Caffeine
Calcichew D3
Calcitonin
Calcium
Calcium acetate
Calcium ascorbate
Calcium chloride dihydrate
Calcium citrate
Calcium glubionate
Calcium glycinate
Calcium lactate gluconate
Calcium lactobionate
Calcium pantothenate
Calcium phosphate
Calcium polystyrene sulphonate
Calcium sulphate
Camphor
Camphorated opium
Candesartan
Cannabidiol
Capsaicin
Capsicum
Carbachol
Carbaryl
Carbenoxolone
Carbidopa
Carbomer 974P
Carbomer 980
Carbon dioxide
Carbon dioxide gas
Cardamom
Carisoprodol
Carob seed
Carteolol
Cascara
Casein
Castor oil
Cefamandole
Cefazolin
Cefoxitin
Cefpirome
Cefpodoxime
Cefprozil
Cellulose
Cerium nitrate
Cerivastatin
Certolizumab pegol
Certoparin
Cetalkonium
Cetomacrogol 1000
Cetylpyridinium
Chalk
Chamomile
Characterised autologous human cartilage cells
Chlormethiazole
Chlormethine
Chlorobutanol
Chlorocresol
Chloroform
Chloroquine phosphate
Chloroquine sulphate
Chlorothiazide
Chloroxylenol
Chlorpropamide
Chlorquinaldol
Chlortetracycline
Cholesterol
Choline salicylate
Chondroitin
Chromium
Cilastatin
Cinchocaine
Cisapride
Citric acid
Citronella oil
Citrulline
Clavulanic acid
Clidinium
Clobetasol
Clobetasone
Clodronic acid
Clopamide
Cloral betaine
Clove oil
Clozarile
Coal tar
Cocaine
Coconut oil
Cod liver oil
Codeine
Co-dergocrine mesilate
Colchicine
Colesevelam
Colestipol
Colfosceril palmitate
Colistimethate
Colistin
Collagenase clostridium histolyticum
Collodion
Colophony
Co-magaldrox
Co-methiamol
Concerta
Concerta XL5-Methoxypsoralen
Conjugated oestrogens
Connaught strain Bacillus of Calmette-Guerin
Consta
Copper
Copper carbonate
Copper sulphate
Co-prenozide
Co-proxamol
Corticotropin
Cortisone
Co-simalcite
Coumarin
Cranberry
Cryoprecipitate
Crystal violet
Cyclomethicone
Cyclopenthiazide - invalid
Cyclopentolate
Cyproheptadine
Cyproterone
Cystine
Cytarabine (liposomal)
Cytomegalovirus immunoglobulin
Dabigatran etexilate
Daclizumab
Dalfopristin
Dalteparin
Danaparoid
Dantrolene
Daunorubicin (liposomal)
Debrisoquine
Defibrotide
Demeclocycline
Dequalinium
Desferrioxamine
Desoximetasone
Dexbrompheniramine
Dexedrine
Dexmethylphenidate
Dexpanthenol
Dextran
Dextran 40
Dextranomer
dextroamphetamine
Dextromethorphan
Dextromoramide
Dextropropoxyphene
Dibotermin alfa
Dibrompropamidine
Dichlorobenzyl alcohol
Dichlorodifluoromethane
Dichlorophen
Dicobalt edetate
Didecyldimethylammonium chloride
Dienogest
Diethyl phthalate
Diethylamine salicylate
Diflucortolone
Diflunisal
Digitoxin
Digoxin specific antibody
Dill oil
Dimenhydrinate
Dimercaprol
Dimethyl sulfone
Dimethyl sulfoxide
Diphencyprone
Diphenhydramine
Diphtheria
Dipipanone
Dipivefrine
Dipotassium clorazepate
Disodium etidronate
Disodium pamidronate
Distigmine
Docosahexaenoic acid
Docusate
Dolasetron
Domiphen
Dopexamine
Dothiepin
Doxapram
Doxorubicin (liposomal)
Dried yeast
Dronabinol
Drospirenone
Drotrecogin alfa
Duraperidol
Echinacea
Econazole
Edetic acid
Efalizumab
Effexor
Eicosapentaenoic acid
Einalon S
Emulsifying ointment
Emulsifying Wax
Enalapril
Enflurane
Enoxaparin
Eosin
Epinastine
Epoetin alfa
Epoetin beta
Epoetin delta
Epoetin theta
Epoetin zeta
Eptacog alfa (activated)
Ergotamine
Erythromycin stearate
Eslicarbazepine
Esmolol
Estradiol
Estramustine
Estriol
Estropipate
Ethanol
Ether
Ethionamide
Ethyl chloride
Ethylmorphine
Etidronic acid
Etonogestrel
Etynodiol
Eucalyptus
Eucalyptus oil
Eukystol
European viper snake venom antiserum
Evening primrose oil
Factor VIII
Factor XI
Factor XIII
Fampridine
Febuxostat
Felbamate
Felbinac
Felypressin
Fenbufen
Fenofibrate micronised
Fenoterol
Fenticonazole
Ferric ammonium citrate
Ferric chloride
Ferric subsulphate
Ferrous citrate
Ferrous glycine sulphate
Ferrous Sulphate
Ferucarbotran
Fesoterodine
Fexofenadine
Fibrinogen
Fig
Fish oil
Flavoxate
Fludrocortisone
Fluexotine
Flumetasone
Flunarizine
Flunitrazepam
Fluocinolone
Fluocortolone hexanoate
Fluocortolone pivalate
Fluorescein
Flupenthixol
Flupentixol dihydrochloride
Fluphenazine
Fluphenazine hydrochloride
Fluprednidene
Fluticasone
Flutrimazole
Follitropin alfa
Follitropin beta
Fomepizole
Fondaparinux
Foscarnet
Fosfestrol
Fosfomycin
Fosinopril
Fosphenytoin
Framycetin
Frangula
Frangula bark
Fructose
Fumaric acid
Funnel web spider venom antiserum
Fusafungine
Gadobutrol
Gadodiamide
Gadofosveset trisodium
Gadoteridol
Gadoxetic acid
Galactose
Gallamine
Gamolenic acid
Garlic
Gentian
Gestodene
Gestonorone
Gestrinone
Ginger
Ginkgo biloba
Glatiramer
Gliquidone
GlucaGen
Glucosamine hydrochloride
Glucosamine sulphate
Glutamine
Glutathione
Gramicidin
Grass pollen
Guaiacol
Guaifenesin
Guanethidine
Guanfacine
Guar gum
Haemophilus influenzae type b
Haemophilus influenzae type B vaccine
Halcinonide
Halcion
Halibut liver oil
Halogenated phenols
Haloperidol decanoate
Halosten
Halothane
Halquinol
Hamamelis
Hard paraffin
Helium
Helium gas
Hemin
Hemineverin
Heparinoid
Hepatitis A
Hexachlorophene
Hexaminolevulinate
Hexastarch
Hexylresorcinol
High Purity Factor IX
High Purity Factor VIII
Histamine
Homeopathic aconite
Homeopathic aconitum napellus
Homeopathic actaea racemosa
Homeopathic agaricus muscarius
Homeopathic allium cepa
Homeopathic apatite
Homeopathic apis mellifica
Homeopathic argentum nitricum
Homeopathic arnica montana
Homeopathic arsenicum album
Homeopathic belladonna
Homeopathic bellis perennis
Homeopathic bryonia alba
Homeopathic bryonia dioica
Homeopathic calcarea carbonica
Homeopathic calcarea fluorica
Homeopathic calcarea phosphorica
Homeopathic calcarea sulphurica
Homeopathic calendula officinalis
Homeopathic candida albicans
Homeopathic cantharis vesicatoria
Homeopathic carbo vegetabilis
Homeopathic chamomilla
Homeopathic cina
Homeopathic cinnabar
Homeopathic cocculus indicus
Homeopathic coffea arabica
Homeopathic coffea cruda
Homeopathic colocynthis
Homeopathic cucurbita
Homeopathic cuprum metallicum
Homeopathic drosera rotundifolia
Homeopathic dulcamara
Homeopathic euphrasia officinales
Homeopathic ferrum phosphoricum
Homeopathic ferrum sidereum
Homeopathic feverfew
Homeopathic gelsemium sempervirens
Homeopathic graphites
Homeopathic hamamelis
Homeopathic hepar sulphuris
Homeopathic hypericum officianalis
Homeopathic hypericum perforatum
Homeopathic ignatia amara
Homeopathic ipecacuanha
Homeopathic kalium bichromicum
Homeopathic kalium muriaticum
Homeopathic kalium phosphoricum
Homeopathic kalium sulphuricum
Homeopathic lachesis muta
Homeopathic ledum palustre
Homeopathic lycopodium clavatum
Homeopathic lysimachia nummularia
Homeopathic magnesia phosphorica
Homeopathic mercurius solubilis
Homeopathic mercurius vivus
Homeopathic mixed pollen
Homeopathic natrum muriaticum
Homeopathic natrum phosphoricum
Homeopathic natrum sulphuricum
Homeopathic nux vomica
Homeopathic oopherinum
Homeopathic passiflora incarnata
Homeopathic phosphorus
Homeopathic phytolacca decandra
Homeopathic plumbum mellitum
Homeopathic pulsatilla nigricans
Homeopathic pulsatilla pratensis
Homeopathic pyrites
Homeopathic rhus toxicodendron
Homeopathic ruta graveolens
Homeopathic sepia officinalis
Homeopathic silica
Homeopathic sulphur
Homeopathic symphytum officinale
Homeopathic tamus communis
Homeopathic tea tree oil
Homeopathic thuja occidentalis
Homeopathic urtica urens
Honey
Hops
Human papillomavirus vaccine
Hyaluronidase
Hydrochloric acid
Hydrochlorothiazide
Hydrolysed whey protein
Hydromorphone
Hydroquinone
Hydrous wool fat
Hydroxyapatite
Hydroxychloroquine
Hydroxyethyl salicylate
Hydroxyprogesterone
Hydroxypropyl guar
Hydroxyzine
Hyetellose
Hylan
Hyoscine (base)
Hypochlorite
Hyprolose
Hypurin Bovine PZI
Hypurin Porcine 30/70 
Idarubicin
Idebenone
Idoxuridine
Imidapril
Imipenem
Indigo carmine
Industrial methylated spirit
Influenza H1N1 vaccine
Influenza vaccine
Inosine acedoben dimepranol
Insulin aspart biphasic
Insulin human
Insulin isophane biphasic human
Insulin isophane biphasic porcine
Insulin isophane bovine
Insulin isophane human
Insulin isophane porcine
Insulin lispro biphasic
Insulin mixed bovine
Insulin protamine zinc bovine
Insulin soluble bovine
Insulin soluble human
Insulin soluble porcine
Insulin zinc crystalline human
Insuline
Insuman Comb 
Interferon alfa-2a
Interferon alfa-2b
Interferon beta 1b
Interferon beta-1a
Interferon gamma
Invalid - Co-codaprin
Invalid - Hytellose
Iodine
Iodixanol
Iodoform
Iohexol
Iomeprol
Iopamidol
Iopromide
Iotrolan
Ioversol
Ipecacuanha
Ipratropium
Iron sorbitol
ISMN MR
Isoleucine
Isometheptene
Isoprenaline
Isopropyl alcohol
Isopropyl myristate
Ispaghula
Ivermectin
Kaolin
Kaolin light
Ketanserin
Labetalol
Lactic acid
Lactobacillus
Lactoperoxidase
Lactose
L-alanyl-l-glutamine
Lanolin
Lanolin anhydrous
Lanthanum carbonate
Laropiprant
Laurilsulfate
Lauromacrogol 400
Lauromacrogols
Lavender oil
Lecithin
Leflunomide
Lemon balm
Lepirudin
Lercanidipine
Leucine
Leuprorelin
Levamisole
Levocabastine
Levocarnitine
Levocetirizine
Levodopa
Librium
Linseed oil
Liothyronine
Lipoic acid
Liquorice
Lisdexamfetamine
Lisuride
Lithium
Lithium succinate
Lithonate
Lofexidine
Lopinavir
Lornoxicam
Losartan
Loteprednol
Lumefantrine
Lumiracoxib
Lysine
Macrogol 3350
Macrogol 4000
Mafenide
Magnesium
Magnesium alginate
Magnesium aspartate
Magnesium chloride
Magnesium glycerophosphate
Magnesium glycinate
Magnesium hydroxide
Magnesium malate
Magnesium orotate
Magnesium oxide
Magnesium sulphate
Maize starch
Malic acid
Maltodextrin
Mandelic acid
Mangafodipir
Maprotiline
Mazindol
Measles
Measles vaccine
Mebeverine
Mecillinam
Meclozine
Mecobalamin
Mecysteine
Medium chain triglycerides - invalid
Medium-chain triglycerides
Medroxyprogesterone
Megestrol
Meglumine amidotrizoate
Meglumine gadobenate
Meglumine gadopentetate
Meglumine iotalamate
Meglumine iotroxate
Melleril
Menadiol
Meningococcal group C vaccine
Meningococcal groups A
Menotrophin
Menthol
Mepacrine
Mepenzolate bromide
Mepivacaine
Mepyramine
Mercuric sulphate
Mestranol
Mesuximide
Methenamine
Methionine
Methocarbamol
Methotrimeprazine
Methoxamine
Methoxsalen
Methyl aminolevulinate
Methyl nicotinate
Methyl salicylate
Methylphenidate
Methylprednisolone acetate
Methylprednisolone sodium succinate
Methylrosanilinium chloride
Methyltestosterone
Methylthioninium chloride
Methysergide
Metipranolol
Metoprolol
Mexiletine
Midodrine
Moexipril
Molgramostim
Monopotassium phosphate
Moroctocog alfa
Mucin
Mucopolysaccharide polysulphate
Mumps
Muromonab-CD3
Mycophenolic acid
Myrrh
Nalbuphine
Naloxone
Naphazoline
Nedocromil
Nefazodone
Nefopam
Nelfinavir
Netilmicin
Nisoldipine
Nitric oxide
Nitric oxide gas
Nitrous oxide gas
Nonacog alfa
Nonoxinol
Noradrenaline
Norelgestromin
Norethisterone acetate
Norethisterone enantate
Norgestimate
Norgestrel
Normal immunoglobulin human
Noxytiolin
NPH
Oak mistletoe
Octocog alfa
Oleic acid
Olmesartan
Olsalazine
Omacor TT
Opium
Orange
Orciprenaline
Orphenadrine
Oxandrolone
Oxerutins
Oxetacaine
Oxitropium
Oxybuprocaine
Oxybutynin
Oxygen
Oxygen gas
Oxymetazoline
Oxymetholone
Oxypertine
Palmitic acid
Pamidronic acid
Papaverine
Parabuthus species scorpion venom antiserum
Paraffin hard
Paraldehyde
Paromomycin
Passion flower
Paxil
Pegaptanib
Pegaspargase
Peginterferon alfa-2a
Peginterferon alfa-2b
Peluces
Pentagastrin
Pentamidine
Pentane
Pentosan polysulfate sodium
Peracetic acid
Perflutren
Pertussis
Pertussis vaccine
Phenolphthalein
Phenothrin
Phenoxyethanol
Phenylalanine
Phenylbutazone
Phenylpropanolamine
Physostigmine
Pine mistletoe
Piperacillin
Piperazine
Piportil
Pipotiazine
Pirenzepine
Pirenzipine
Piroxicam betadex
Pivmecillinam
Podophyllum resin
Polihexanide
Poliomyelitis
Poliomyelitis vaccine
Polygeline
Polymyxin B
Polynoxylin
Polysaccharide-iron complex
Polythiazide
Polyvalent snake venom antisera
Porcine Factor VIII
Porfimer
Potassium
Potassium acid tartrate
Potassium aminobenzoate
Potassium bromide
Potassium canrenoate
Potassium chlorate
Potassium dihydrogen phosphate
Potassium hydroxyquinoline sulphate
Potassium hydroxyquinolone sulphate
Potassium iodate
Potassium iodide
Potassium nitrate
Potassium perchlorate
Potassium phosphate
Povidone
Povidone-Iodine
Pralidoxime chloride
Pralidoxime mesylate
Pramocaine
Prasterone
Praziquantel
Prilocaine
Pristinamycin
Probenecid
Procainamide
Procaine
Procaine benzylpenicillin
Proflavine
Proguanil
Propafenone
Propamidine
Propantheline
Propiverine
Propylene glycol
Protamine Hagedorn
Protein C human
Protirelin
Proxymetacaine
Prussian blue insoluble
Pseudoephedrine
Pyridostigmine
Pyridoxal phosphate
Quinidine
Quinine bisulphate
Quinine hydrochloride
Quinine sulphate
Quinupristin
Raloxifene
Ranitidine bismuth citrate
rapid tranq
Rasburicase
Raspberry leaf
Razoxane
Regadenoson
Resorcinol
Retinol
Reviparin
Rhubarb
Rhubarb extract
Riboflavine
Rimonabant
Risedronate
Risedronic acid
Risp Consta
Risperdol Consta
Risperidone Consta
Ritodrine
Rivaroxaban
Rofecoxib
Rose bengal
Rose water
Rosiglitazone
Rubella vaccine
Saccharin
Sacrosidase
Salicyclic acid
Salicylamide
Sapropterin
Saw-scaled viper venom antiserum
Secobarbital
Secretin
Selegiline
Senna TT
Sennosides
Sermorelin
Serrapeptase
Sertindole
Sertralnie
Sesame oil
Sevelamer
Shark liver oil
Siberian ginseng
Sibutramine
Sigaperidol
Silica
Silicone
Silver carbonate
Simeticone
Sitaxentan
Sodium acid phosphate
Sodium alginate
Sodium amidotrizoate
Sodium amidotrizoate - invalid
Sodium ascorbate
Sodium aurothiomalate
Sodium benzoate
Sodium bromide
Sodium calcium edetate
Sodium dichloroisocyanurate
Sodium dihydrogen phosphate dihydrate
Sodium Docustate
Sodium fluoride
Sodium glycerophosphate
Sodium hydroxybutyrate
Sodium iopodate
Sodium lauryl ether sulphate
Sodium lauryl ether sulpho-succinate
Sodium metabisulphite
Sodium monofluorophosphate
Sodium nitrite
Sodium phosphate
Sodium phosphate dibasic
Sodium pidolate
Sodium polystyrene sulfonate
Sodium salicylate
Sodium thiosulphate
Sodium Valporate
Sodium Valporate Chrono
Sodium Valproate Chrono
Soft paraffin
Soft soap
Solifenacin
Somatorelin
Sorbitol
Soya oil
Spectinomycin
Spiramycin
Squill
Squill oxymel
St. John's wort
Stannous fluoride
Stanozolol
Starch
Stearic acid
Stiripentol
Stonefish venom antiserum
Storax
Streptodornase
Succimer
Sucrose
Sulconazole
Sulfadiazine silver
Sulfadoxine
Sulfamethoxypyridazine
Sulfapyridine
Sulfinpyrazone
Sulfur hexafluoride
Sulfuric acid
Sulphan blue
Sulphur
Sultiame
Sumatra benzoin
Suxamethonium
Symbyax
Talc
Tamsulosin
Tar
Taraxacum
Tartaric acid
Tasonermin
Taurine
Taurolidine
Tazobactam
Tegafur
Tenofovir
Terbutaline
Terfenadine
Terlipressin
Terpin
Testolactone
Testosterone propionate
Testosterone undecanoate
Tetanus
Tetanus vaccine
Tetrastarch
Thioridazine
Thorazine
Thrombin
Thymol
Thyroxine
Tiabendazole
Ticarcillin
TICE strain Bacillus of Calmette-Guerin
Tick-borne encephalitis immunoglobulin
Tick-borne encephalitis vaccine
Ticlopidine
Tiger snake venom antiserum
Tilactase
Tiludronic acid
Tinzaparin
Titanium dioxide
Titanium peroxide
Titanium salicylate
Tizanidine
Tocilizumab
Tocofersolan
Tofranil
Tolazoline
Tolnaftate
Tolterodine
Tragacanth
Tramazoline
Treacle
Tree pollen
Triamcinolone hexacetonide
Triclofos
Triclosan
Trientine
Trifluridine
Trilostane
Trimetaphan
Trimetazidine
Triprolidine
Trometamol
Tropisetron
Trospium
Tryptophan
Tuberculosis vaccine
Turpentine oil
Tyloxapol
Tyrosine
Tyrothricin
Ubidecarenone
Ulipristal
Undecenoic acid
Unithiol
Uracil
Urea
Urea [13-C]
Urea hydrogen peroxide
Urofollitropin
Valdecoxib
Valerian
Valine
Valium
Valproate
Varicella immunoglobulin
Varicella vaccine
Vecuronium
Venlafaxine XL
Vindesine
Vitamin D
von Willebrand factor
W135
Wasp venom
Water
Wheat dextrin
Wheat grain
White soft paraffin
Wild cherry
Wool alcohols
Wool fat
Xanax
Xylitol
Y vaccine
Yellow fever vaccine
Yellow soft paraffin
Yohimbine
Zalasta
Zalcitabine
Ziconotide
Zinc
Zinc citrate
Zinc gluconate
Zinc glycinate
Zinc oxide
Zinc sulphate
Zinc undecenoate
Ziprasidone
Zispin
Zolafren
Zoloft
Zotepine
Zydis
amitriptiline
amitryptyline
aricet
arisept
azelastine
clobetasone
diazapam
diazapem
donapezil
donazapil
donezepil
efexor
insulatard  
insulin glargine
levemir
levobunolol
linton
mirtazepine
nortryptiline
novomix 30 
olanz
olanzapin
olanzepin
propamidine
rexapin
risperadone
zuclopenthixol decanoate
